Archive member included to satisfy reference by file (symbol)

d:/prg/apps/gcc-arm-20160330/bin/../lib/gcc/arm-none-eabi/5.3.1/../../../../arm-none-eabi/lib/armv7e-m/fpu\libg_nano.a(lib_a-memcpy-stub.o)
                              d:/prg/prj/github/nucleo-f303re-ChibiOS-RT-template/mc_sw/obj/hal_buffers.o (symbol from plugin) (memcpy)

Discarded input sections

 .text          0x00000000        0x0 d:/prg/prj/github/nucleo-f303re-ChibiOS-RT-template/mc_sw/obj/board.o (symbol from plugin)
 .text          0x00000000        0x0 C:\Users\modo\AppData\Local\Temp\cc603ACj.ltrans0.ltrans.o
 .data          0x00000000        0x0 C:\Users\modo\AppData\Local\Temp\cc603ACj.ltrans0.ltrans.o
 .bss           0x00000000        0x0 C:\Users\modo\AppData\Local\Temp\cc603ACj.ltrans0.ltrans.o
 .text          0x00000000        0x0 C:\Users\modo\AppData\Local\Temp\cc603ACj.ltrans1.ltrans.o
 .data          0x00000000        0x0 C:\Users\modo\AppData\Local\Temp\cc603ACj.ltrans1.ltrans.o
 .bss           0x00000000        0x0 C:\Users\modo\AppData\Local\Temp\cc603ACj.ltrans1.ltrans.o
 .text          0x00000000        0x0 d:/prg/prj/github/nucleo-f303re-ChibiOS-RT-template/mc_sw/obj/chcond.o (symbol from plugin)
 .text          0x00000000        0x0 d:/prg/prj/github/nucleo-f303re-ChibiOS-RT-template/mc_sw/obj/chcore.o (symbol from plugin)
 .text          0x00000000        0x0 d:/prg/prj/github/nucleo-f303re-ChibiOS-RT-template/mc_sw/obj/chcore_v7m.o (symbol from plugin)
 .data          0x00000000        0x0 d:/prg/prj/github/nucleo-f303re-ChibiOS-RT-template/mc_sw/obj/chcoreasm_v7m.o
 .bss           0x00000000        0x0 d:/prg/prj/github/nucleo-f303re-ChibiOS-RT-template/mc_sw/obj/chcoreasm_v7m.o
 .text          0x00000000        0x0 d:/prg/prj/github/nucleo-f303re-ChibiOS-RT-template/mc_sw/obj/chdebug.o (symbol from plugin)
 .text          0x00000000        0x0 d:/prg/prj/github/nucleo-f303re-ChibiOS-RT-template/mc_sw/obj/chdynamic.o (symbol from plugin)
 .text          0x00000000        0x0 d:/prg/prj/github/nucleo-f303re-ChibiOS-RT-template/mc_sw/obj/chevents.o (symbol from plugin)
 .text          0x00000000        0x0 d:/prg/prj/github/nucleo-f303re-ChibiOS-RT-template/mc_sw/obj/chheap.o (symbol from plugin)
 .text          0x00000000        0x0 d:/prg/prj/github/nucleo-f303re-ChibiOS-RT-template/mc_sw/obj/chmboxes.o (symbol from plugin)
 .text          0x00000000        0x0 d:/prg/prj/github/nucleo-f303re-ChibiOS-RT-template/mc_sw/obj/chmemcore.o (symbol from plugin)
 .text          0x00000000        0x0 d:/prg/prj/github/nucleo-f303re-ChibiOS-RT-template/mc_sw/obj/chmempools.o (symbol from plugin)
 .text          0x00000000        0x0 d:/prg/prj/github/nucleo-f303re-ChibiOS-RT-template/mc_sw/obj/chmsg.o (symbol from plugin)
 .text          0x00000000        0x0 d:/prg/prj/github/nucleo-f303re-ChibiOS-RT-template/mc_sw/obj/chmtx.o (symbol from plugin)
 .text          0x00000000        0x0 d:/prg/prj/github/nucleo-f303re-ChibiOS-RT-template/mc_sw/obj/chregistry.o (symbol from plugin)
 .text          0x00000000        0x0 d:/prg/prj/github/nucleo-f303re-ChibiOS-RT-template/mc_sw/obj/chschd.o (symbol from plugin)
 .text          0x00000000        0x0 d:/prg/prj/github/nucleo-f303re-ChibiOS-RT-template/mc_sw/obj/chsem.o (symbol from plugin)
 .text          0x00000000        0x0 d:/prg/prj/github/nucleo-f303re-ChibiOS-RT-template/mc_sw/obj/chstats.o (symbol from plugin)
 .text          0x00000000        0x0 d:/prg/prj/github/nucleo-f303re-ChibiOS-RT-template/mc_sw/obj/chsys.o (symbol from plugin)
 .text          0x00000000        0x0 d:/prg/prj/github/nucleo-f303re-ChibiOS-RT-template/mc_sw/obj/chthreads.o (symbol from plugin)
 .text          0x00000000        0x0 d:/prg/prj/github/nucleo-f303re-ChibiOS-RT-template/mc_sw/obj/chtm.o (symbol from plugin)
 .text          0x00000000        0x0 d:/prg/prj/github/nucleo-f303re-ChibiOS-RT-template/mc_sw/obj/chvt.o (symbol from plugin)
 .data          0x00000000        0x0 d:/prg/prj/github/nucleo-f303re-ChibiOS-RT-template/mc_sw/obj/crt0_v7m.o
 .bss           0x00000000        0x0 d:/prg/prj/github/nucleo-f303re-ChibiOS-RT-template/mc_sw/obj/crt0_v7m.o
 .text          0x00000000        0x0 d:/prg/prj/github/nucleo-f303re-ChibiOS-RT-template/mc_sw/obj/crt1.o (symbol from plugin)
 .text          0x00000000        0x0 d:/prg/prj/github/nucleo-f303re-ChibiOS-RT-template/mc_sw/obj/hal.o (symbol from plugin)
 .text          0x00000000        0x0 d:/prg/prj/github/nucleo-f303re-ChibiOS-RT-template/mc_sw/obj/hal_adc.o (symbol from plugin)
 .text          0x00000000        0x0 d:/prg/prj/github/nucleo-f303re-ChibiOS-RT-template/mc_sw/obj/hal_adc_lld.o (symbol from plugin)
 .text          0x00000000        0x0 d:/prg/prj/github/nucleo-f303re-ChibiOS-RT-template/mc_sw/obj/hal_buffers.o (symbol from plugin)
 .text          0x00000000        0x0 d:/prg/prj/github/nucleo-f303re-ChibiOS-RT-template/mc_sw/obj/hal_can.o (symbol from plugin)
 .text          0x00000000        0x0 d:/prg/prj/github/nucleo-f303re-ChibiOS-RT-template/mc_sw/obj/hal_can_lld.o (symbol from plugin)
 .text          0x00000000        0x0 d:/prg/prj/github/nucleo-f303re-ChibiOS-RT-template/mc_sw/obj/hal_dac.o (symbol from plugin)
 .text          0x00000000        0x0 d:/prg/prj/github/nucleo-f303re-ChibiOS-RT-template/mc_sw/obj/hal_dac_lld.o (symbol from plugin)
 .text          0x00000000        0x0 d:/prg/prj/github/nucleo-f303re-ChibiOS-RT-template/mc_sw/obj/hal_ext.o (symbol from plugin)
 .text          0x00000000        0x0 d:/prg/prj/github/nucleo-f303re-ChibiOS-RT-template/mc_sw/obj/hal_ext_lld.o (symbol from plugin)
 .text          0x00000000        0x0 d:/prg/prj/github/nucleo-f303re-ChibiOS-RT-template/mc_sw/obj/hal_ext_lld_isr.o (symbol from plugin)
 .text          0x00000000        0x0 d:/prg/prj/github/nucleo-f303re-ChibiOS-RT-template/mc_sw/obj/hal_gpt.o (symbol from plugin)
 .text          0x00000000        0x0 d:/prg/prj/github/nucleo-f303re-ChibiOS-RT-template/mc_sw/obj/hal_gpt_lld.o (symbol from plugin)
 .text          0x00000000        0x0 d:/prg/prj/github/nucleo-f303re-ChibiOS-RT-template/mc_sw/obj/hal_i2c.o (symbol from plugin)
 .text          0x00000000        0x0 d:/prg/prj/github/nucleo-f303re-ChibiOS-RT-template/mc_sw/obj/hal_i2c_lld.o (symbol from plugin)
 .text          0x00000000        0x0 d:/prg/prj/github/nucleo-f303re-ChibiOS-RT-template/mc_sw/obj/hal_i2s.o (symbol from plugin)
 .text          0x00000000        0x0 d:/prg/prj/github/nucleo-f303re-ChibiOS-RT-template/mc_sw/obj/hal_icu.o (symbol from plugin)
 .text          0x00000000        0x0 d:/prg/prj/github/nucleo-f303re-ChibiOS-RT-template/mc_sw/obj/hal_icu_lld.o (symbol from plugin)
 .text          0x00000000        0x0 d:/prg/prj/github/nucleo-f303re-ChibiOS-RT-template/mc_sw/obj/hal_lld.o (symbol from plugin)
 .text          0x00000000        0x0 d:/prg/prj/github/nucleo-f303re-ChibiOS-RT-template/mc_sw/obj/hal_mac.o (symbol from plugin)
 .text          0x00000000        0x0 d:/prg/prj/github/nucleo-f303re-ChibiOS-RT-template/mc_sw/obj/hal_mmc_spi.o (symbol from plugin)
 .text          0x00000000        0x0 d:/prg/prj/github/nucleo-f303re-ChibiOS-RT-template/mc_sw/obj/hal_mmcsd.o (symbol from plugin)
 .text          0x00000000        0x0 d:/prg/prj/github/nucleo-f303re-ChibiOS-RT-template/mc_sw/obj/hal_pal.o (symbol from plugin)
 .text          0x00000000        0x0 d:/prg/prj/github/nucleo-f303re-ChibiOS-RT-template/mc_sw/obj/hal_pal_lld.o (symbol from plugin)
 .text          0x00000000        0x0 d:/prg/prj/github/nucleo-f303re-ChibiOS-RT-template/mc_sw/obj/hal_pwm.o (symbol from plugin)
 .text          0x00000000        0x0 d:/prg/prj/github/nucleo-f303re-ChibiOS-RT-template/mc_sw/obj/hal_pwm_lld.o (symbol from plugin)
 .text          0x00000000        0x0 d:/prg/prj/github/nucleo-f303re-ChibiOS-RT-template/mc_sw/obj/hal_queues.o (symbol from plugin)
 .text          0x00000000        0x0 d:/prg/prj/github/nucleo-f303re-ChibiOS-RT-template/mc_sw/obj/hal_rtc.o (symbol from plugin)
 .text          0x00000000        0x0 d:/prg/prj/github/nucleo-f303re-ChibiOS-RT-template/mc_sw/obj/hal_rtc_lld.o (symbol from plugin)
 .text          0x00000000        0x0 d:/prg/prj/github/nucleo-f303re-ChibiOS-RT-template/mc_sw/obj/hal_sdc.o (symbol from plugin)
 .text          0x00000000        0x0 d:/prg/prj/github/nucleo-f303re-ChibiOS-RT-template/mc_sw/obj/hal_serial.o (symbol from plugin)
 .text          0x00000000        0x0 d:/prg/prj/github/nucleo-f303re-ChibiOS-RT-template/mc_sw/obj/hal_serial_lld.o (symbol from plugin)
 .text          0x00000000        0x0 d:/prg/prj/github/nucleo-f303re-ChibiOS-RT-template/mc_sw/obj/hal_serial_usb.o (symbol from plugin)
 .text          0x00000000        0x0 d:/prg/prj/github/nucleo-f303re-ChibiOS-RT-template/mc_sw/obj/hal_spi.o (symbol from plugin)
 .text          0x00000000        0x0 d:/prg/prj/github/nucleo-f303re-ChibiOS-RT-template/mc_sw/obj/hal_spi_lld.o (symbol from plugin)
 .text          0x00000000        0x0 d:/prg/prj/github/nucleo-f303re-ChibiOS-RT-template/mc_sw/obj/hal_st.o (symbol from plugin)
 .text          0x00000000        0x0 d:/prg/prj/github/nucleo-f303re-ChibiOS-RT-template/mc_sw/obj/hal_st_lld.o (symbol from plugin)
 .text          0x00000000        0x0 d:/prg/prj/github/nucleo-f303re-ChibiOS-RT-template/mc_sw/obj/hal_uart.o (symbol from plugin)
 .text          0x00000000        0x0 d:/prg/prj/github/nucleo-f303re-ChibiOS-RT-template/mc_sw/obj/hal_uart_lld.o (symbol from plugin)
 .text          0x00000000        0x0 d:/prg/prj/github/nucleo-f303re-ChibiOS-RT-template/mc_sw/obj/hal_usb.o (symbol from plugin)
 .text          0x00000000        0x0 d:/prg/prj/github/nucleo-f303re-ChibiOS-RT-template/mc_sw/obj/hal_usb_lld.o (symbol from plugin)
 .text          0x00000000        0x0 d:/prg/prj/github/nucleo-f303re-ChibiOS-RT-template/mc_sw/obj/hal_wdg.o (symbol from plugin)
 .text          0x00000000        0x0 d:/prg/prj/github/nucleo-f303re-ChibiOS-RT-template/mc_sw/obj/hal_wdg_lld.o (symbol from plugin)
 .text          0x00000000        0x0 d:/prg/prj/github/nucleo-f303re-ChibiOS-RT-template/mc_sw/obj/main.o (symbol from plugin)
 .text          0x00000000        0x0 d:/prg/prj/github/nucleo-f303re-ChibiOS-RT-template/mc_sw/obj/nvic.o (symbol from plugin)
 .text          0x00000000        0x0 d:/prg/prj/github/nucleo-f303re-ChibiOS-RT-template/mc_sw/obj/osal.o (symbol from plugin)
 .text          0x00000000        0x0 d:/prg/prj/github/nucleo-f303re-ChibiOS-RT-template/mc_sw/obj/stm32_dma.o (symbol from plugin)
 .text          0x00000000        0x0 d:/prg/prj/github/nucleo-f303re-ChibiOS-RT-template/mc_sw/obj/vectors.o (symbol from plugin)
 .text          0x00000000        0x0 d:/prg/apps/gcc-arm-20160330/bin/../lib/gcc/arm-none-eabi/5.3.1/../../../../arm-none-eabi/lib/armv7e-m/fpu\libg_nano.a(lib_a-memcpy-stub.o)
 .data          0x00000000        0x0 d:/prg/apps/gcc-arm-20160330/bin/../lib/gcc/arm-none-eabi/5.3.1/../../../../arm-none-eabi/lib/armv7e-m/fpu\libg_nano.a(lib_a-memcpy-stub.o)
 .bss           0x00000000        0x0 d:/prg/apps/gcc-arm-20160330/bin/../lib/gcc/arm-none-eabi/5.3.1/../../../../arm-none-eabi/lib/armv7e-m/fpu\libg_nano.a(lib_a-memcpy-stub.o)
 .text.memcpy   0x00000000       0x16 d:/prg/apps/gcc-arm-20160330/bin/../lib/gcc/arm-none-eabi/5.3.1/../../../../arm-none-eabi/lib/armv7e-m/fpu\libg_nano.a(lib_a-memcpy-stub.o)
 .debug_frame   0x00000000       0x28 d:/prg/apps/gcc-arm-20160330/bin/../lib/gcc/arm-none-eabi/5.3.1/../../../../arm-none-eabi/lib/armv7e-m/fpu\libg_nano.a(lib_a-memcpy-stub.o)
 .ARM.attributes
                0x00000000       0x34 d:/prg/apps/gcc-arm-20160330/bin/../lib/gcc/arm-none-eabi/5.3.1/../../../../arm-none-eabi/lib/armv7e-m/fpu\libg_nano.a(lib_a-memcpy-stub.o)

Memory Configuration

Name             Origin             Length             Attributes
flash0           0x08000000         0x00080000
flash1           0x00000000         0x00000000
flash2           0x00000000         0x00000000
flash3           0x00000000         0x00000000
flash4           0x00000000         0x00000000
flash5           0x00000000         0x00000000
flash6           0x00000000         0x00000000
flash7           0x00000000         0x00000000
ram0             0x20000000         0x00010000
ram1             0x00000000         0x00000000
ram2             0x00000000         0x00000000
ram3             0x00000000         0x00000000
ram4             0x10000000         0x00004000
ram5             0x00000000         0x00000000
ram6             0x00000000         0x00000000
ram7             0x00000000         0x00000000
*default*        0x00000000         0xffffffff

Linker script and memory map

                0x00000400                __main_stack_size__ = 0x400
                0x00000400                __process_stack_size__ = 0x400
LOAD d:/prg/prj/github/nucleo-f303re-ChibiOS-RT-template/mc_sw/obj/board.o
LOAD C:\Users\modo\AppData\Local\Temp\cc603ACj.ltrans0.ltrans.o
LOAD C:\Users\modo\AppData\Local\Temp\cc603ACj.ltrans1.ltrans.o
LOAD d:/prg/prj/github/nucleo-f303re-ChibiOS-RT-template/mc_sw/obj/chcond.o
LOAD d:/prg/prj/github/nucleo-f303re-ChibiOS-RT-template/mc_sw/obj/chcore.o
LOAD d:/prg/prj/github/nucleo-f303re-ChibiOS-RT-template/mc_sw/obj/chcore_v7m.o
LOAD d:/prg/prj/github/nucleo-f303re-ChibiOS-RT-template/mc_sw/obj/chcoreasm_v7m.o
LOAD d:/prg/prj/github/nucleo-f303re-ChibiOS-RT-template/mc_sw/obj/chdebug.o
LOAD d:/prg/prj/github/nucleo-f303re-ChibiOS-RT-template/mc_sw/obj/chdynamic.o
LOAD d:/prg/prj/github/nucleo-f303re-ChibiOS-RT-template/mc_sw/obj/chevents.o
LOAD d:/prg/prj/github/nucleo-f303re-ChibiOS-RT-template/mc_sw/obj/chheap.o
LOAD d:/prg/prj/github/nucleo-f303re-ChibiOS-RT-template/mc_sw/obj/chmboxes.o
LOAD d:/prg/prj/github/nucleo-f303re-ChibiOS-RT-template/mc_sw/obj/chmemcore.o
LOAD d:/prg/prj/github/nucleo-f303re-ChibiOS-RT-template/mc_sw/obj/chmempools.o
LOAD d:/prg/prj/github/nucleo-f303re-ChibiOS-RT-template/mc_sw/obj/chmsg.o
LOAD d:/prg/prj/github/nucleo-f303re-ChibiOS-RT-template/mc_sw/obj/chmtx.o
LOAD d:/prg/prj/github/nucleo-f303re-ChibiOS-RT-template/mc_sw/obj/chregistry.o
LOAD d:/prg/prj/github/nucleo-f303re-ChibiOS-RT-template/mc_sw/obj/chschd.o
LOAD d:/prg/prj/github/nucleo-f303re-ChibiOS-RT-template/mc_sw/obj/chsem.o
LOAD d:/prg/prj/github/nucleo-f303re-ChibiOS-RT-template/mc_sw/obj/chstats.o
LOAD d:/prg/prj/github/nucleo-f303re-ChibiOS-RT-template/mc_sw/obj/chsys.o
LOAD d:/prg/prj/github/nucleo-f303re-ChibiOS-RT-template/mc_sw/obj/chthreads.o
LOAD d:/prg/prj/github/nucleo-f303re-ChibiOS-RT-template/mc_sw/obj/chtm.o
LOAD d:/prg/prj/github/nucleo-f303re-ChibiOS-RT-template/mc_sw/obj/chvt.o
LOAD d:/prg/prj/github/nucleo-f303re-ChibiOS-RT-template/mc_sw/obj/crt0_v7m.o
LOAD d:/prg/prj/github/nucleo-f303re-ChibiOS-RT-template/mc_sw/obj/crt1.o
LOAD d:/prg/prj/github/nucleo-f303re-ChibiOS-RT-template/mc_sw/obj/hal.o
LOAD d:/prg/prj/github/nucleo-f303re-ChibiOS-RT-template/mc_sw/obj/hal_adc.o
LOAD d:/prg/prj/github/nucleo-f303re-ChibiOS-RT-template/mc_sw/obj/hal_adc_lld.o
LOAD d:/prg/prj/github/nucleo-f303re-ChibiOS-RT-template/mc_sw/obj/hal_buffers.o
LOAD d:/prg/prj/github/nucleo-f303re-ChibiOS-RT-template/mc_sw/obj/hal_can.o
LOAD d:/prg/prj/github/nucleo-f303re-ChibiOS-RT-template/mc_sw/obj/hal_can_lld.o
LOAD d:/prg/prj/github/nucleo-f303re-ChibiOS-RT-template/mc_sw/obj/hal_dac.o
LOAD d:/prg/prj/github/nucleo-f303re-ChibiOS-RT-template/mc_sw/obj/hal_dac_lld.o
LOAD d:/prg/prj/github/nucleo-f303re-ChibiOS-RT-template/mc_sw/obj/hal_ext.o
LOAD d:/prg/prj/github/nucleo-f303re-ChibiOS-RT-template/mc_sw/obj/hal_ext_lld.o
LOAD d:/prg/prj/github/nucleo-f303re-ChibiOS-RT-template/mc_sw/obj/hal_ext_lld_isr.o
LOAD d:/prg/prj/github/nucleo-f303re-ChibiOS-RT-template/mc_sw/obj/hal_gpt.o
LOAD d:/prg/prj/github/nucleo-f303re-ChibiOS-RT-template/mc_sw/obj/hal_gpt_lld.o
LOAD d:/prg/prj/github/nucleo-f303re-ChibiOS-RT-template/mc_sw/obj/hal_i2c.o
LOAD d:/prg/prj/github/nucleo-f303re-ChibiOS-RT-template/mc_sw/obj/hal_i2c_lld.o
LOAD d:/prg/prj/github/nucleo-f303re-ChibiOS-RT-template/mc_sw/obj/hal_i2s.o
LOAD d:/prg/prj/github/nucleo-f303re-ChibiOS-RT-template/mc_sw/obj/hal_icu.o
LOAD d:/prg/prj/github/nucleo-f303re-ChibiOS-RT-template/mc_sw/obj/hal_icu_lld.o
LOAD d:/prg/prj/github/nucleo-f303re-ChibiOS-RT-template/mc_sw/obj/hal_lld.o
LOAD d:/prg/prj/github/nucleo-f303re-ChibiOS-RT-template/mc_sw/obj/hal_mac.o
LOAD d:/prg/prj/github/nucleo-f303re-ChibiOS-RT-template/mc_sw/obj/hal_mmc_spi.o
LOAD d:/prg/prj/github/nucleo-f303re-ChibiOS-RT-template/mc_sw/obj/hal_mmcsd.o
LOAD d:/prg/prj/github/nucleo-f303re-ChibiOS-RT-template/mc_sw/obj/hal_pal.o
LOAD d:/prg/prj/github/nucleo-f303re-ChibiOS-RT-template/mc_sw/obj/hal_pal_lld.o
LOAD d:/prg/prj/github/nucleo-f303re-ChibiOS-RT-template/mc_sw/obj/hal_pwm.o
LOAD d:/prg/prj/github/nucleo-f303re-ChibiOS-RT-template/mc_sw/obj/hal_pwm_lld.o
LOAD d:/prg/prj/github/nucleo-f303re-ChibiOS-RT-template/mc_sw/obj/hal_queues.o
LOAD d:/prg/prj/github/nucleo-f303re-ChibiOS-RT-template/mc_sw/obj/hal_rtc.o
LOAD d:/prg/prj/github/nucleo-f303re-ChibiOS-RT-template/mc_sw/obj/hal_rtc_lld.o
LOAD d:/prg/prj/github/nucleo-f303re-ChibiOS-RT-template/mc_sw/obj/hal_sdc.o
LOAD d:/prg/prj/github/nucleo-f303re-ChibiOS-RT-template/mc_sw/obj/hal_serial.o
LOAD d:/prg/prj/github/nucleo-f303re-ChibiOS-RT-template/mc_sw/obj/hal_serial_lld.o
LOAD d:/prg/prj/github/nucleo-f303re-ChibiOS-RT-template/mc_sw/obj/hal_serial_usb.o
LOAD d:/prg/prj/github/nucleo-f303re-ChibiOS-RT-template/mc_sw/obj/hal_spi.o
LOAD d:/prg/prj/github/nucleo-f303re-ChibiOS-RT-template/mc_sw/obj/hal_spi_lld.o
LOAD d:/prg/prj/github/nucleo-f303re-ChibiOS-RT-template/mc_sw/obj/hal_st.o
LOAD d:/prg/prj/github/nucleo-f303re-ChibiOS-RT-template/mc_sw/obj/hal_st_lld.o
LOAD d:/prg/prj/github/nucleo-f303re-ChibiOS-RT-template/mc_sw/obj/hal_uart.o
LOAD d:/prg/prj/github/nucleo-f303re-ChibiOS-RT-template/mc_sw/obj/hal_uart_lld.o
LOAD d:/prg/prj/github/nucleo-f303re-ChibiOS-RT-template/mc_sw/obj/hal_usb.o
LOAD d:/prg/prj/github/nucleo-f303re-ChibiOS-RT-template/mc_sw/obj/hal_usb_lld.o
LOAD d:/prg/prj/github/nucleo-f303re-ChibiOS-RT-template/mc_sw/obj/hal_wdg.o
LOAD d:/prg/prj/github/nucleo-f303re-ChibiOS-RT-template/mc_sw/obj/hal_wdg_lld.o
LOAD d:/prg/prj/github/nucleo-f303re-ChibiOS-RT-template/mc_sw/obj/main.o
LOAD d:/prg/prj/github/nucleo-f303re-ChibiOS-RT-template/mc_sw/obj/nvic.o
LOAD d:/prg/prj/github/nucleo-f303re-ChibiOS-RT-template/mc_sw/obj/osal.o
LOAD d:/prg/prj/github/nucleo-f303re-ChibiOS-RT-template/mc_sw/obj/stm32_dma.o
LOAD d:/prg/prj/github/nucleo-f303re-ChibiOS-RT-template/mc_sw/obj/vectors.o
START GROUP
LOAD d:/prg/apps/gcc-arm-20160330/bin/../lib/gcc/arm-none-eabi/5.3.1/armv7e-m/fpu\libgcc.a
LOAD d:/prg/apps/gcc-arm-20160330/bin/../lib/gcc/arm-none-eabi/5.3.1/../../../../arm-none-eabi/lib/armv7e-m/fpu\libg_nano.a
LOAD d:/prg/apps/gcc-arm-20160330/bin/../lib/gcc/arm-none-eabi/5.3.1/../../../../arm-none-eabi/lib/armv7e-m/fpu\libc_nano.a
END GROUP
START GROUP
LOAD d:/prg/apps/gcc-arm-20160330/bin/../lib/gcc/arm-none-eabi/5.3.1/armv7e-m/fpu\libgcc.a
LOAD d:/prg/apps/gcc-arm-20160330/bin/../lib/gcc/arm-none-eabi/5.3.1/../../../../arm-none-eabi/lib/armv7e-m/fpu\libc_nano.a
END GROUP

.mstack         0x20000000      0x400
                0x20000000                . = ALIGN (0x8)
                0x20000000                __main_stack_base__ = .
                0x20000400                . = (. + __main_stack_size__)
 *fill*         0x20000000      0x400 
                0x20000400                . = ALIGN (0x8)
                0x20000400                __main_stack_end__ = .

.pstack         0x20000400      0x400
                0x20000400                __process_stack_base__ = .
                0x20000400                __main_thread_stack_base__ = .
                0x20000800                . = (. + __process_stack_size__)
 *fill*         0x20000400      0x400 
                0x20000800                . = ALIGN (0x8)
                0x20000800                __process_stack_end__ = .
                0x20000800                __main_thread_stack_end__ = .

vectors         0x08000000      0x1a0
 *(.vectors)
 .vectors       0x08000000      0x1a0 C:\Users\modo\AppData\Local\Temp\cc603ACj.ltrans0.ltrans.o
                0x08000000                _vectors

xtors           0x080001a0        0x0
                0x080001a0                __init_array_start = .
 *(SORT(.init_array.*))
 *(.init_array)
                0x080001a0                __init_array_end = .
                0x080001a0                __fini_array_start = .
 *(.fini_array)
 *(SORT(.fini_array.*))
                0x080001a0                __fini_array_end = .

.text           0x080001a0     0x17dc
 *(.text)
 .text          0x080001a0       0x30 d:/prg/prj/github/nucleo-f303re-ChibiOS-RT-template/mc_sw/obj/chcoreasm_v7m.o
                0x080001a0                _port_switch
                0x080001b8                _port_thread_start
                0x080001c8                _port_switch_from_isr
                0x080001cc                _port_exit_from_isr
 .text          0x080001d0      0x108 d:/prg/prj/github/nucleo-f303re-ChibiOS-RT-template/mc_sw/obj/crt0_v7m.o
                0x080001d0                Reset_Handler
 *(.text.*)
 *fill*         0x080002d8        0x8 
 .text.chTMStartMeasurementX.constprop.30
                0x080002e0        0xc C:\Users\modo\AppData\Local\Temp\cc603ACj.ltrans0.ltrans.o
 *fill*         0x080002ec        0x4 
 .text._pal_lld_setgroupmode.constprop.19
                0x080002f0       0xa0 C:\Users\modo\AppData\Local\Temp\cc603ACj.ltrans0.ltrans.o
 .text.dmaStreamAllocate.constprop.9
                0x08000390       0xb4 C:\Users\modo\AppData\Local\Temp\cc603ACj.ltrans0.ltrans.o
 *fill*         0x08000444        0xc 
 .text._unhandled_exception
                0x08000450        0x4 C:\Users\modo\AppData\Local\Temp\cc603ACj.ltrans0.ltrans.o
 *fill*         0x08000454        0xc 
 .text.rxend    0x08000460        0x4 C:\Users\modo\AppData\Local\Temp\cc603ACj.ltrans0.ltrans.o
 *fill*         0x08000464        0xc 
 .text.chSchWakeupS.constprop.33
                0x08000470       0x58 C:\Users\modo\AppData\Local\Temp\cc603ACj.ltrans0.ltrans.o
 *fill*         0x080004c8        0x8 
 .text.chThdCreateStatic.constprop.28
                0x080004d0       0x68 C:\Users\modo\AppData\Local\Temp\cc603ACj.ltrans0.ltrans.o
 *fill*         0x08000538        0x8 
 .text.Vector130
                0x08000540       0x30 C:\Users\modo\AppData\Local\Temp\cc603ACj.ltrans0.ltrans.o
 .text.Vector12C
                0x08000570       0x30 C:\Users\modo\AppData\Local\Temp\cc603ACj.ltrans0.ltrans.o
 .text.Vector128
                0x080005a0       0x30 C:\Users\modo\AppData\Local\Temp\cc603ACj.ltrans0.ltrans.o
 .text.Vector124
                0x080005d0       0x30 C:\Users\modo\AppData\Local\Temp\cc603ACj.ltrans0.ltrans.o
 .text.Vector120
                0x08000600       0x28 C:\Users\modo\AppData\Local\Temp\cc603ACj.ltrans0.ltrans.o
 *fill*         0x08000628        0x8 
 .text.Vector84
                0x08000630       0x30 C:\Users\modo\AppData\Local\Temp\cc603ACj.ltrans0.ltrans.o
 .text.Vector80
                0x08000660       0x30 C:\Users\modo\AppData\Local\Temp\cc603ACj.ltrans0.ltrans.o
 .text.Vector7C
                0x08000690       0x30 C:\Users\modo\AppData\Local\Temp\cc603ACj.ltrans0.ltrans.o
 .text.Vector78
                0x080006c0       0x30 C:\Users\modo\AppData\Local\Temp\cc603ACj.ltrans0.ltrans.o
 .text.Vector74
                0x080006f0       0x30 C:\Users\modo\AppData\Local\Temp\cc603ACj.ltrans0.ltrans.o
 .text.Vector70
                0x08000720       0x30 C:\Users\modo\AppData\Local\Temp\cc603ACj.ltrans0.ltrans.o
 .text.Vector6C
                0x08000750       0x28 C:\Users\modo\AppData\Local\Temp\cc603ACj.ltrans0.ltrans.o
 *fill*         0x08000778        0x8 
 .text.Task_50ms
                0x08000780       0x30 C:\Users\modo\AppData\Local\Temp\cc603ACj.ltrans0.ltrans.o
 .text.Task_5ms
                0x080007b0       0x18 C:\Users\modo\AppData\Local\Temp\cc603ACj.ltrans0.ltrans.o
 *fill*         0x080007c8        0x8 
 .text.rxchar   0x080007d0       0x48 C:\Users\modo\AppData\Local\Temp\cc603ACj.ltrans0.ltrans.o
 *fill*         0x08000818        0x8 
 .text.chEvtBroadcastFlagsI.constprop.35
                0x08000820       0x64 C:\Users\modo\AppData\Local\Temp\cc603ACj.ltrans0.ltrans.o
                0x08000820                chEvtBroadcastFlagsI.constprop.35
 *fill*         0x08000884        0xc 
 .text.startup.main
                0x08000890      0x694 C:\Users\modo\AppData\Local\Temp\cc603ACj.ltrans0.ltrans.o
                0x08000890                main
 *fill*         0x08000f24        0xc 
 .text.rxerr.lto_priv.41
                0x08000f30        0x4 C:\Users\modo\AppData\Local\Temp\cc603ACj.ltrans1.ltrans.o
                0x08000f30                rxerr.lto_priv.41
 *fill*         0x08000f34        0xc 
 .text.txend1.lto_priv.39
                0x08000f40        0x4 C:\Users\modo\AppData\Local\Temp\cc603ACj.ltrans1.ltrans.o
                0x08000f40                txend1.lto_priv.39
 *fill*         0x08000f44        0xc 
 .text.txend2   0x08000f50        0x4 C:\Users\modo\AppData\Local\Temp\cc603ACj.ltrans1.ltrans.o
                0x08000f50                txend2.lto_priv.40
 *fill*         0x08000f54        0xc 
 .text.uart_lld_serve_tx_end_irq.lto_priv.37
                0x08000f60       0x4c C:\Users\modo\AppData\Local\Temp\cc603ACj.ltrans1.ltrans.o
                0x08000f60                uart_lld_serve_tx_end_irq.lto_priv.37
 *fill*         0x08000fac        0x4 
 .text.uart_lld_serve_rx_end_irq.lto_priv.36
                0x08000fb0       0x88 C:\Users\modo\AppData\Local\Temp\cc603ACj.ltrans1.ltrans.o
                0x08000fb0                uart_lld_serve_rx_end_irq.lto_priv.36
 *fill*         0x08001038        0x8 
 .text.notify2.lto_priv.38
                0x08001040       0x10 C:\Users\modo\AppData\Local\Temp\cc603ACj.ltrans1.ltrans.o
                0x08001040                notify2.lto_priv.38
 .text._idle_thread.lto_priv.42
                0x08001050        0x4 C:\Users\modo\AppData\Local\Temp\cc603ACj.ltrans1.ltrans.o
                0x08001050                _idle_thread.lto_priv.42
 *fill*         0x08001054        0xc 
 .text.wakeup   0x08001060       0x70 C:\Users\modo\AppData\Local\Temp\cc603ACj.ltrans1.ltrans.o
 .text.SVC_Handler
                0x080010d0       0x20 C:\Users\modo\AppData\Local\Temp\cc603ACj.ltrans1.ltrans.o
                0x080010d0                SVC_Handler
 .text.chSchGoSleepS
                0x080010f0       0x24 C:\Users\modo\AppData\Local\Temp\cc603ACj.ltrans1.ltrans.o
 *fill*         0x08001114        0xc 
 .text.__init_ram_areas
                0x08001120       0x68 C:\Users\modo\AppData\Local\Temp\cc603ACj.ltrans1.ltrans.o
                0x08001120                __init_ram_areas
 *fill*         0x08001188        0x8 
 .text.__default_exit
                0x08001190        0x4 C:\Users\modo\AppData\Local\Temp\cc603ACj.ltrans1.ltrans.o
                0x08001190                __default_exit
 *fill*         0x08001194        0xc 
 .text.__late_init
                0x080011a0        0x4 C:\Users\modo\AppData\Local\Temp\cc603ACj.ltrans1.ltrans.o
                0x080011a0                __late_init
 *fill*         0x080011a4        0xc 
 .text.__core_init
                0x080011b0        0x4 C:\Users\modo\AppData\Local\Temp\cc603ACj.ltrans1.ltrans.o
                0x080011b0                __core_init
 *fill*         0x080011b4        0xc 
 .text.chTMStopMeasurementX
                0x080011c0       0x44 C:\Users\modo\AppData\Local\Temp\cc603ACj.ltrans1.ltrans.o
                0x080011c0                chTMStopMeasurementX
 *fill*         0x08001204        0xc 
 .text.chSchDoReschedule
                0x08001210       0x3c C:\Users\modo\AppData\Local\Temp\cc603ACj.ltrans1.ltrans.o
                0x08001210                chSchDoReschedule
 *fill*         0x0800124c        0x4 
 .text.chSchGoSleepTimeoutS
                0x08001250       0x80 C:\Users\modo\AppData\Local\Temp\cc603ACj.ltrans1.ltrans.o
                0x08001250                chSchGoSleepTimeoutS
 .text.chThdEnqueueTimeoutS
                0x080012d0       0x28 C:\Users\modo\AppData\Local\Temp\cc603ACj.ltrans1.ltrans.o
 *fill*         0x080012f8        0x8 
 .text.oqWriteTimeout
                0x08001300       0xa8 C:\Users\modo\AppData\Local\Temp\cc603ACj.ltrans1.ltrans.o
                0x08001300                oqWriteTimeout
 *fill*         0x080013a8        0x8 
 .text.writet.lto_priv.49
                0x080013b0        0x8 C:\Users\modo\AppData\Local\Temp\cc603ACj.ltrans1.ltrans.o
                0x080013b0                writet.lto_priv.49
 *fill*         0x080013b8        0x8 
 .text.write.lto_priv.43
                0x080013c0        0xc C:\Users\modo\AppData\Local\Temp\cc603ACj.ltrans1.ltrans.o
                0x080013c0                write.lto_priv.43
 *fill*         0x080013cc        0x4 
 .text.oqPutTimeout
                0x080013d0       0x54 C:\Users\modo\AppData\Local\Temp\cc603ACj.ltrans1.ltrans.o
 *fill*         0x08001424        0xc 
 .text.putt.lto_priv.47
                0x08001430        0x8 C:\Users\modo\AppData\Local\Temp\cc603ACj.ltrans1.ltrans.o
                0x08001430                putt.lto_priv.47
 *fill*         0x08001438        0x8 
 .text.put.lto_priv.45
                0x08001440        0xc C:\Users\modo\AppData\Local\Temp\cc603ACj.ltrans1.ltrans.o
                0x08001440                put.lto_priv.45
 *fill*         0x0800144c        0x4 
 .text.iqReadTimeout
                0x08001450       0xa8 C:\Users\modo\AppData\Local\Temp\cc603ACj.ltrans1.ltrans.o
 *fill*         0x080014f8        0x8 
 .text.readt.lto_priv.50
                0x08001500        0x8 C:\Users\modo\AppData\Local\Temp\cc603ACj.ltrans1.ltrans.o
                0x08001500                readt.lto_priv.50
 *fill*         0x08001508        0x8 
 .text.read.lto_priv.44
                0x08001510        0xc C:\Users\modo\AppData\Local\Temp\cc603ACj.ltrans1.ltrans.o
                0x08001510                read.lto_priv.44
 *fill*         0x0800151c        0x4 
 .text.iqGetTimeout
                0x08001520       0x54 C:\Users\modo\AppData\Local\Temp\cc603ACj.ltrans1.ltrans.o
 *fill*         0x08001574        0xc 
 .text.gett.lto_priv.48
                0x08001580        0x8 C:\Users\modo\AppData\Local\Temp\cc603ACj.ltrans1.ltrans.o
                0x08001580                gett.lto_priv.48
 *fill*         0x08001588        0x8 
 .text.get.lto_priv.46
                0x08001590        0xc C:\Users\modo\AppData\Local\Temp\cc603ACj.ltrans1.ltrans.o
                0x08001590                get.lto_priv.46
 *fill*         0x0800159c        0x4 
 .text.chSchReadyI
                0x080015a0       0x2c C:\Users\modo\AppData\Local\Temp\cc603ACj.ltrans1.ltrans.o
                0x080015a0                chSchReadyI
 *fill*         0x080015cc        0x4 
 .text.chThdExit
                0x080015d0       0x38 C:\Users\modo\AppData\Local\Temp\cc603ACj.ltrans1.ltrans.o
                0x080015d0                chThdExit
 *fill*         0x08001608        0x8 
 .text._port_irq_epilogue
                0x08001610       0x64 C:\Users\modo\AppData\Local\Temp\cc603ACj.ltrans1.ltrans.o
                0x08001610                _port_irq_epilogue
 *fill*         0x08001674        0xc 
 .text.VectorDC
                0x08001680       0x6c C:\Users\modo\AppData\Local\Temp\cc603ACj.ltrans1.ltrans.o
                0x08001680                VectorDC
 *fill*         0x080016ec        0x4 
 .text.SysTick_Handler
                0x080016f0       0x58 C:\Users\modo\AppData\Local\Temp\cc603ACj.ltrans1.ltrans.o
                0x080016f0                SysTick_Handler
 *fill*         0x08001748        0x8 
 .text.VectorD8
                0x08001750      0x190 C:\Users\modo\AppData\Local\Temp\cc603ACj.ltrans1.ltrans.o
                0x08001750                VectorD8
 .text.__early_init
                0x080018e0       0x9c C:\Users\modo\AppData\Local\Temp\cc603ACj.ltrans1.ltrans.o
                0x080018e0                __early_init
 *(.glue_7t)
 .glue_7t       0x0800197c        0x0 linker stubs
 *(.glue_7)
 .glue_7        0x0800197c        0x0 linker stubs
 *(.gcc*)

.vfp11_veneer   0x0800197c        0x0
 .vfp11_veneer  0x0800197c        0x0 linker stubs

.v4_bx          0x0800197c        0x0
 .v4_bx         0x0800197c        0x0 linker stubs

.iplt           0x0800197c        0x0
 .iplt          0x0800197c        0x0 d:/prg/prj/github/nucleo-f303re-ChibiOS-RT-template/mc_sw/obj/chcoreasm_v7m.o

.rodata         0x0800197c      0x19c
                0x0800197c                . = ALIGN (0x4)
                0x0800197c                __rodata_base__ = .
 *(.rodata)
 *(.rodata.*)
 .rodata._stm32_dma_streams
                0x0800197c       0xf0 C:\Users\modo\AppData\Local\Temp\cc603ACj.ltrans0.ltrans.o
 .rodata.vmt    0x08001a6c       0x20 C:\Users\modo\AppData\Local\Temp\cc603ACj.ltrans0.ltrans.o
 .rodata.str1.4
                0x08001a8c        0xc C:\Users\modo\AppData\Local\Temp\cc603ACj.ltrans1.ltrans.o
 .rodata.ram_areas
                0x08001a98       0x80 C:\Users\modo\AppData\Local\Temp\cc603ACj.ltrans1.ltrans.o
                0x08001b18                . = ALIGN (0x4)
                0x08001b18                __rodata_end__ = .

.rel.dyn        0x08001b18        0x0
 .rel.iplt      0x08001b18        0x0 d:/prg/prj/github/nucleo-f303re-ChibiOS-RT-template/mc_sw/obj/chcoreasm_v7m.o

.ARM.extab
 *(.ARM.extab* .gnu.linkonce.armextab.*)

.ARM.exidx      0x08001b18        0x0
                0x08001b18                __exidx_start = .
 *(.ARM.exidx* .gnu.linkonce.armexidx.*)
                0x08001b18                __exidx_end = .

.eh_frame_hdr
 *(.eh_frame_hdr)

.eh_frame
 *(.eh_frame)
                0x20000000                __ram0_start__ = ORIGIN (ram0)
                0x00010000                __ram0_size__ = LENGTH (ram0)
                0x20010000                __ram0_end__ = (__ram0_start__ + __ram0_size__)
                0x00000000                __ram1_start__ = ORIGIN (ram1)
                0x00000000                __ram1_size__ = LENGTH (ram1)
                0x00000000                __ram1_end__ = (__ram1_start__ + __ram1_size__)
                0x00000000                __ram2_start__ = ORIGIN (ram2)
                0x00000000                __ram2_size__ = LENGTH (ram2)
                0x00000000                __ram2_end__ = (__ram2_start__ + __ram2_size__)
                0x00000000                __ram3_start__ = ORIGIN (ram3)
                0x00000000                __ram3_size__ = LENGTH (ram3)
                0x00000000                __ram3_end__ = (__ram3_start__ + __ram3_size__)
                0x10000000                __ram4_start__ = ORIGIN (ram4)
                0x00004000                __ram4_size__ = LENGTH (ram4)
                0x10004000                __ram4_end__ = (__ram4_start__ + __ram4_size__)
                0x00000000                __ram5_start__ = ORIGIN (ram5)
                0x00000000                __ram5_size__ = LENGTH (ram5)
                0x00000000                __ram5_end__ = (__ram5_start__ + __ram5_size__)
                0x00000000                __ram6_start__ = ORIGIN (ram6)
                0x00000000                __ram6_size__ = LENGTH (ram6)
                0x00000000                __ram6_end__ = (__ram6_start__ + __ram6_size__)
                0x00000000                __ram7_start__ = ORIGIN (ram7)
                0x00000000                __ram7_size__ = LENGTH (ram7)
                0x00000000                __ram7_end__ = (__ram7_start__ + __ram7_size__)

.data           0x20000800       0x24 load address 0x08001b18
                0x20000800                . = ALIGN (0x4)
                [!provide]                PROVIDE (_textdata, LOADADDR (.data))
                [!provide]                PROVIDE (_data, .)
                0x08001b18                _textdata_start = LOADADDR (.data)
                0x20000800                _data_start = .
 *(.data)
 *(.data.*)
 .data.uartcfg  0x20000800       0x24 C:\Users\modo\AppData\Local\Temp\cc603ACj.ltrans0.ltrans.o
 *(.ramtext)
                0x20000824                . = ALIGN (0x4)
                [!provide]                PROVIDE (_edata, .)
                0x20000824                _data_end = .

.igot.plt       0x20000824        0x0 load address 0x08001b3c
 .igot.plt      0x20000824        0x0 d:/prg/prj/github/nucleo-f303re-ChibiOS-RT-template/mc_sw/obj/chcoreasm_v7m.o

.bss            0x20000828      0x678 load address 0x08001b3c
                0x20000828                . = ALIGN (0x4)
                0x20000828                _bss_start = .
 *(.bss)
 *(.bss.*)
 .bss._stm32_dma_isr_redir
                0x20000828       0x60 C:\Users\modo\AppData\Local\Temp\cc603ACj.ltrans0.ltrans.o
 .bss.SD2       0x20000888       0x7c C:\Users\modo\AppData\Local\Temp\cc603ACj.ltrans0.ltrans.o
                0x20000888                SD2
 .bss.ch        0x20000904       0x5c C:\Users\modo\AppData\Local\Temp\cc603ACj.ltrans0.ltrans.o
                0x20000904                ch
 .bss.rbi_LedStatus
                0x20000960        0x1 C:\Users\modo\AppData\Local\Temp\cc603ACj.ltrans0.ltrans.o
 *fill*         0x20000961        0x7 
 .bss.pool_Task_5ms
                0x20000968      0x1c0 C:\Users\modo\AppData\Local\Temp\cc603ACj.ltrans0.ltrans.o
 .bss.buffer    0x20000b28       0x40 C:\Users\modo\AppData\Local\Temp\cc603ACj.ltrans0.ltrans.o
 .bss.pool_Task_50ms
                0x20000b68      0x1c0 C:\Users\modo\AppData\Local\Temp\cc603ACj.ltrans0.ltrans.o
 .bss.UARTD3    0x20000d28       0x20 C:\Users\modo\AppData\Local\Temp\cc603ACj.ltrans0.ltrans.o
                0x20000d28                UARTD3
 .bss.ch_idle_thread_wa
                0x20000d48      0x150 C:\Users\modo\AppData\Local\Temp\cc603ACj.ltrans0.ltrans.o
 .bss.rub_LedTimeout
                0x20000e98        0x1 C:\Users\modo\AppData\Local\Temp\cc603ACj.ltrans0.ltrans.o
 *fill*         0x20000e99        0x3 
 .bss.dma_streams_mask
                0x20000e9c        0x4 C:\Users\modo\AppData\Local\Temp\cc603ACj.ltrans0.ltrans.o
 *(COMMON)
                0x20000ea0                . = ALIGN (0x4)
                0x20000ea0                _bss_end = .
                [!provide]                PROVIDE (end, .)

.ram0_init      0x20000ea0        0x0 load address 0x08001b3c
                0x20000ea0                . = ALIGN (0x4)
                0x08001b3c                __ram0_init_text__ = LOADADDR (.ram0_init)
                0x20000ea0                __ram0_init__ = .
 *(.ram0_init)
 *(.ram0_init.*)
                0x20000ea0                . = ALIGN (0x4)

.ram0           0x20000ea0        0x0 load address 0x08001b3c
                0x20000ea0                . = ALIGN (0x4)
                0x20000ea0                __ram0_clear__ = .
 *(.ram0_clear)
 *(.ram0_clear.*)
                0x20000ea0                . = ALIGN (0x4)
                0x20000ea0                __ram0_noinit__ = .
 *(.ram0)
 *(.ram0.*)
                0x20000ea0                . = ALIGN (0x4)
                0x20000ea0                __ram0_free__ = .

.ram1_init      0x00000000        0x0 load address 0x08001b3c
                0x00000000                . = ALIGN (0x4)
                0x08001b3c                __ram1_init_text__ = LOADADDR (.ram1_init)
                0x00000000                __ram1_init__ = .
 *(.ram1_init)
 *(.ram1_init.*)
                0x00000000                . = ALIGN (0x4)

.ram1           0x00000000        0x0 load address 0x08001b3c
                0x00000000                . = ALIGN (0x4)
                0x00000000                __ram1_clear__ = .
 *(.ram1_clear)
 *(.ram1_clear.*)
                0x00000000                . = ALIGN (0x4)
                0x00000000                __ram1_noinit__ = .
 *(.ram1)
 *(.ram1.*)
                0x00000000                . = ALIGN (0x4)
                0x00000000                __ram1_free__ = .

.ram2_init      0x00000000        0x0 load address 0x08001b3c
                0x00000000                . = ALIGN (0x4)
                0x08001b3c                __ram2_init_text__ = LOADADDR (.ram2_init)
                0x00000000                __ram2_init__ = .
 *(.ram2_init)
 *(.ram2_init.*)
                0x00000000                . = ALIGN (0x4)

.ram2           0x00000000        0x0 load address 0x08001b3c
                0x00000000                . = ALIGN (0x4)
                0x00000000                __ram2_clear__ = .
 *(.ram2_clear)
 *(.ram2_clear.*)
                0x00000000                . = ALIGN (0x4)
                0x00000000                __ram2_noinit__ = .
 *(.ram2)
 *(.ram2.*)
                0x00000000                . = ALIGN (0x4)
                0x00000000                __ram2_free__ = .

.ram3_init      0x00000000        0x0 load address 0x08001b3c
                0x00000000                . = ALIGN (0x4)
                0x08001b3c                __ram3_init_text__ = LOADADDR (.ram3_init)
                0x00000000                __ram3_init__ = .
 *(.ram3_init)
 *(.ram3_init.*)
                0x00000000                . = ALIGN (0x4)

.ram3           0x00000000        0x0 load address 0x08001b3c
                0x00000000                . = ALIGN (0x4)
                0x00000000                __ram3_clear__ = .
 *(.ram3_clear)
 *(.ram3_clear.*)
                0x00000000                . = ALIGN (0x4)
                0x00000000                __ram3_noinit__ = .
 *(.ram3)
 *(.ram3.*)
                0x00000000                . = ALIGN (0x4)
                0x00000000                __ram3_free__ = .

.ram4_init      0x10000000        0x0 load address 0x08001b3c
                0x10000000                . = ALIGN (0x4)
                0x08001b3c                __ram4_init_text__ = LOADADDR (.ram4_init)
                0x10000000                __ram4_init__ = .
 *(.ram4_init)
 *(.ram4_init.*)
                0x10000000                . = ALIGN (0x4)

.ram4           0x10000000        0x0 load address 0x08001b3c
                0x10000000                . = ALIGN (0x4)
                0x10000000                __ram4_clear__ = .
 *(.ram4_clear)
 *(.ram4_clear.*)
                0x10000000                . = ALIGN (0x4)
                0x10000000                __ram4_noinit__ = .
 *(.ram4)
 *(.ram4.*)
                0x10000000                . = ALIGN (0x4)
                0x10000000                __ram4_free__ = .

.ram5_init      0x00000000        0x0 load address 0x08001b3c
                0x00000000                . = ALIGN (0x4)
                0x08001b3c                __ram5_init_text__ = LOADADDR (.ram5_init)
                0x00000000                __ram5_init__ = .
 *(.ram5_init)
 *(.ram5_init.*)
                0x00000000                . = ALIGN (0x4)

.ram5           0x00000000        0x0 load address 0x08001b3c
                0x00000000                . = ALIGN (0x4)
                0x00000000                __ram5_clear__ = .
 *(.ram5_clear)
 *(.ram5_clear.*)
                0x00000000                . = ALIGN (0x4)
                0x00000000                __ram5_noinit__ = .
 *(.ram5)
 *(.ram5.*)
                0x00000000                . = ALIGN (0x4)
                0x00000000                __ram5_free__ = .

.ram6_init      0x00000000        0x0 load address 0x08001b3c
                0x00000000                . = ALIGN (0x4)
                0x08001b3c                __ram6_init_text__ = LOADADDR (.ram6_init)
                0x00000000                __ram6_init__ = .
 *(.ram6_init)
 *(.ram6_init.*)
                0x00000000                . = ALIGN (0x4)

.ram6           0x00000000        0x0 load address 0x08001b3c
                0x00000000                . = ALIGN (0x4)
                0x00000000                __ram6_clear__ = .
 *(.ram6_clear)
 *(.ram6_clear.*)
                0x00000000                . = ALIGN (0x4)
                0x00000000                __ram6_noinit__ = .
 *(.ram6)
 *(.ram6.*)
                0x00000000                . = ALIGN (0x4)
                0x00000000                __ram6_free__ = .

.ram7_init      0x00000000        0x0 load address 0x08001b3c
                0x00000000                . = ALIGN (0x4)
                0x08001b3c                __ram7_init_text__ = LOADADDR (.ram7_init)
                0x00000000                __ram7_init__ = .
 *(.ram7_init)
 *(.ram7_init.*)
                0x00000000                . = ALIGN (0x4)

.ram7           0x00000000        0x0 load address 0x08001b3c
                0x00000000                . = ALIGN (0x4)
                0x00000000                __ram7_clear__ = .
 *(.ram7_clear)
 *(.ram7_clear.*)
                0x00000000                . = ALIGN (0x4)
                0x00000000                __ram7_noinit__ = .
 *(.ram7)
 *(.ram7.*)
                0x00000000                . = ALIGN (0x4)
                0x00000000                __ram7_free__ = .

.heap           0x20000ea0     0xf160
                0x20000ea0                . = ALIGN (0x8)
                0x20000ea0                __heap_base__ = .
                0x20010000                . = (ORIGIN (HEAP_RAM) + LENGTH (HEAP_RAM))
 *fill*         0x20000ea0     0xf160 
                0x20010000                __heap_end__ = .
OUTPUT(d:/prg/prj/github/nucleo-f303re-ChibiOS-RT-template/mc_sw/out/stm32f303RE-nucleo.elf elf32-littlearm)

.debug_info     0x00000000     0x69d6
 .debug_info    0x00000000     0x3195 C:\Users\modo\AppData\Local\Temp\cc603ACj.ltrans0.ltrans.o
 .debug_info    0x00003195     0x367e C:\Users\modo\AppData\Local\Temp\cc603ACj.ltrans1.ltrans.o
 .debug_info    0x00006813       0xe3 d:/prg/prj/github/nucleo-f303re-ChibiOS-RT-template/mc_sw/obj/chcoreasm_v7m.o
 .debug_info    0x000068f6       0xe0 d:/prg/prj/github/nucleo-f303re-ChibiOS-RT-template/mc_sw/obj/crt0_v7m.o

.debug_abbrev   0x00000000      0xc5c
 .debug_abbrev  0x00000000      0x57e C:\Users\modo\AppData\Local\Temp\cc603ACj.ltrans0.ltrans.o
 .debug_abbrev  0x0000057e      0x6b6 C:\Users\modo\AppData\Local\Temp\cc603ACj.ltrans1.ltrans.o
 .debug_abbrev  0x00000c34       0x14 d:/prg/prj/github/nucleo-f303re-ChibiOS-RT-template/mc_sw/obj/chcoreasm_v7m.o
 .debug_abbrev  0x00000c48       0x14 d:/prg/prj/github/nucleo-f303re-ChibiOS-RT-template/mc_sw/obj/crt0_v7m.o

.debug_loc      0x00000000     0x2210
 .debug_loc     0x00000000      0xe7b C:\Users\modo\AppData\Local\Temp\cc603ACj.ltrans0.ltrans.o
 .debug_loc     0x00000e7b     0x1395 C:\Users\modo\AppData\Local\Temp\cc603ACj.ltrans1.ltrans.o

.debug_aranges  0x00000000      0x240
 .debug_aranges
                0x00000000       0xd0 C:\Users\modo\AppData\Local\Temp\cc603ACj.ltrans0.ltrans.o
 .debug_aranges
                0x000000d0      0x130 C:\Users\modo\AppData\Local\Temp\cc603ACj.ltrans1.ltrans.o
 .debug_aranges
                0x00000200       0x20 d:/prg/prj/github/nucleo-f303re-ChibiOS-RT-template/mc_sw/obj/chcoreasm_v7m.o
 .debug_aranges
                0x00000220       0x20 d:/prg/prj/github/nucleo-f303re-ChibiOS-RT-template/mc_sw/obj/crt0_v7m.o

.debug_ranges   0x00000000      0xf58
 .debug_ranges  0x00000000      0xb20 C:\Users\modo\AppData\Local\Temp\cc603ACj.ltrans0.ltrans.o
 .debug_ranges  0x00000b20      0x438 C:\Users\modo\AppData\Local\Temp\cc603ACj.ltrans1.ltrans.o

.debug_line     0x00000000     0x2338
 .debug_line    0x00000000     0x119f C:\Users\modo\AppData\Local\Temp\cc603ACj.ltrans0.ltrans.o
 .debug_line    0x0000119f      0xfcf C:\Users\modo\AppData\Local\Temp\cc603ACj.ltrans1.ltrans.o
 .debug_line    0x0000216e       0xbf d:/prg/prj/github/nucleo-f303re-ChibiOS-RT-template/mc_sw/obj/chcoreasm_v7m.o
 .debug_line    0x0000222d      0x10b d:/prg/prj/github/nucleo-f303re-ChibiOS-RT-template/mc_sw/obj/crt0_v7m.o

.debug_str      0x00000000     0x16c7
 .debug_str     0x00000000     0x1048 C:\Users\modo\AppData\Local\Temp\cc603ACj.ltrans0.ltrans.o
                               0x1106 (size before relaxing)
 .debug_str     0x00001048      0x67f C:\Users\modo\AppData\Local\Temp\cc603ACj.ltrans1.ltrans.o
                                0xf05 (size before relaxing)

.comment        0x00000000       0x6e
 .comment       0x00000000       0x6e C:\Users\modo\AppData\Local\Temp\cc603ACj.ltrans0.ltrans.o
                                 0x6f (size before relaxing)
 .comment       0x0000006e       0x6f C:\Users\modo\AppData\Local\Temp\cc603ACj.ltrans1.ltrans.o

.ARM.attributes
                0x00000000       0x37
 .ARM.attributes
                0x00000000       0x37 C:\Users\modo\AppData\Local\Temp\cc603ACj.ltrans0.ltrans.o
 .ARM.attributes
                0x00000037       0x37 C:\Users\modo\AppData\Local\Temp\cc603ACj.ltrans1.ltrans.o
 .ARM.attributes
                0x0000006e       0x25 d:/prg/prj/github/nucleo-f303re-ChibiOS-RT-template/mc_sw/obj/chcoreasm_v7m.o
 .ARM.attributes
                0x00000093       0x25 d:/prg/prj/github/nucleo-f303re-ChibiOS-RT-template/mc_sw/obj/crt0_v7m.o

.debug_frame    0x00000000      0x684
 .debug_frame   0x00000000      0x2b4 C:\Users\modo\AppData\Local\Temp\cc603ACj.ltrans0.ltrans.o
 .debug_frame   0x000002b4      0x3d0 C:\Users\modo\AppData\Local\Temp\cc603ACj.ltrans1.ltrans.o
