Archive member included to satisfy reference by file (symbol)

d:/prg/apps/gcc-arm-20160330/bin/../lib/gcc/arm-none-eabi/5.3.1/../../../../arm-none-eabi/lib/armv7e-m/fpu\libg_nano.a(lib_a-memcpy-stub.o)
                              d:/prg/prj/github/nucleo-f303re-GPS-logger/mc_sw/obj/Led.o (symbol from plugin) (memcpy)
d:/prg/apps/gcc-arm-20160330/bin/../lib/gcc/arm-none-eabi/5.3.1/../../../../arm-none-eabi/lib/armv7e-m/fpu\libg_nano.a(lib_a-memset.o)
                              d:/prg/prj/github/nucleo-f303re-GPS-logger/mc_sw/obj/Led.o (symbol from plugin) (memset)

Discarded input sections

 .text          0x00000000        0x0 d:/prg/prj/github/nucleo-f303re-GPS-logger/mc_sw/obj/Led.o (symbol from plugin)
 .text          0x00000000        0x0 C:\Users\modo\AppData\Local\Temp\ccEwDrtf.ltrans0.ltrans.o
 .data          0x00000000        0x0 C:\Users\modo\AppData\Local\Temp\ccEwDrtf.ltrans0.ltrans.o
 .bss           0x00000000        0x0 C:\Users\modo\AppData\Local\Temp\ccEwDrtf.ltrans0.ltrans.o
 .text.usart_start
                0x00000000       0x68 C:\Users\modo\AppData\Local\Temp\ccEwDrtf.ltrans0.ltrans.o
 .rodata        0x00000000        0xc C:\Users\modo\AppData\Local\Temp\ccEwDrtf.ltrans0.ltrans.o
 .text.uart_lld_serve_rx_end_irq
                0x00000000       0xa0 C:\Users\modo\AppData\Local\Temp\ccEwDrtf.ltrans0.ltrans.o
 .text.uart_lld_serve_tx_end_irq
                0x00000000       0x74 C:\Users\modo\AppData\Local\Temp\ccEwDrtf.ltrans0.ltrans.o
 .text.uart_lld_start
                0x00000000      0x114 C:\Users\modo\AppData\Local\Temp\ccEwDrtf.ltrans0.ltrans.o
 .text.uart_lld_stop
                0x00000000       0x70 C:\Users\modo\AppData\Local\Temp\ccEwDrtf.ltrans0.ltrans.o
 .text.uart_lld_start_send
                0x00000000       0x68 C:\Users\modo\AppData\Local\Temp\ccEwDrtf.ltrans0.ltrans.o
 .text.uart_lld_stop_send
                0x00000000       0x3c C:\Users\modo\AppData\Local\Temp\ccEwDrtf.ltrans0.ltrans.o
 .text.uart_lld_start_receive
                0x00000000       0x6c C:\Users\modo\AppData\Local\Temp\ccEwDrtf.ltrans0.ltrans.o
 .text.uart_lld_stop_receive
                0x00000000       0x48 C:\Users\modo\AppData\Local\Temp\ccEwDrtf.ltrans0.ltrans.o
 .text.nvicEnableVector
                0x00000000       0x54 C:\Users\modo\AppData\Local\Temp\ccEwDrtf.ltrans0.ltrans.o
 .text.nvicDisableVector
                0x00000000       0x34 C:\Users\modo\AppData\Local\Temp\ccEwDrtf.ltrans0.ltrans.o
 .text.nvicClearPending
                0x00000000       0x24 C:\Users\modo\AppData\Local\Temp\ccEwDrtf.ltrans0.ltrans.o
 .text.dmaStreamAllocate
                0x00000000       0xe8 C:\Users\modo\AppData\Local\Temp\ccEwDrtf.ltrans0.ltrans.o
 .text.dmaStreamRelease
                0x00000000       0x94 C:\Users\modo\AppData\Local\Temp\ccEwDrtf.ltrans0.ltrans.o
 .text          0x00000000        0x0 C:\Users\modo\AppData\Local\Temp\ccEwDrtf.ltrans1.ltrans.o
 .data          0x00000000        0x0 C:\Users\modo\AppData\Local\Temp\ccEwDrtf.ltrans1.ltrans.o
 .bss           0x00000000        0x0 C:\Users\modo\AppData\Local\Temp\ccEwDrtf.ltrans1.ltrans.o
 .text.obqPutTimeout
                0x00000000       0x70 C:\Users\modo\AppData\Local\Temp\ccEwDrtf.ltrans1.ltrans.o
 .text.obqWriteTimeout
                0x00000000      0x128 C:\Users\modo\AppData\Local\Temp\ccEwDrtf.ltrans1.ltrans.o
 .text.obqTryFlushI
                0x00000000       0x8c C:\Users\modo\AppData\Local\Temp\ccEwDrtf.ltrans1.ltrans.o
 .text.obqFlush
                0x00000000       0x3c C:\Users\modo\AppData\Local\Temp\ccEwDrtf.ltrans1.ltrans.o
 .text.palReadBus
                0x00000000       0x1c C:\Users\modo\AppData\Local\Temp\ccEwDrtf.ltrans1.ltrans.o
 .text.palWriteBus
                0x00000000       0x34 C:\Users\modo\AppData\Local\Temp\ccEwDrtf.ltrans1.ltrans.o
 .text.palSetBusMode
                0x00000000       0x28 C:\Users\modo\AppData\Local\Temp\ccEwDrtf.ltrans1.ltrans.o
 .text.port_lock.lto_priv.18
                0x00000000       0x10 C:\Users\modo\AppData\Local\Temp\ccEwDrtf.ltrans1.ltrans.o
 .text.port_unlock.lto_priv.15
                0x00000000       0x10 C:\Users\modo\AppData\Local\Temp\ccEwDrtf.ltrans1.ltrans.o
 .text.queue_init
                0x00000000       0x14 C:\Users\modo\AppData\Local\Temp\ccEwDrtf.ltrans1.ltrans.o
 .text.chSysLock.lto_priv.13
                0x00000000        0x8 C:\Users\modo\AppData\Local\Temp\ccEwDrtf.ltrans1.ltrans.o
 .text.chSysUnlock.lto_priv.11
                0x00000000        0x8 C:\Users\modo\AppData\Local\Temp\ccEwDrtf.ltrans1.ltrans.o
 .text.chVTGetSystemTimeX
                0x00000000        0xc C:\Users\modo\AppData\Local\Temp\ccEwDrtf.ltrans1.ltrans.o
 .text.chThdQueueObjectInit
                0x00000000       0x14 C:\Users\modo\AppData\Local\Temp\ccEwDrtf.ltrans1.ltrans.o
 .text.osalSysLock.lto_priv.9
[...]
Memory Configuration

Name             Origin             Length             Attributes
flash0           0x08000000         0x00080000
flash1           0x00000000         0x00000000
flash2           0x00000000         0x00000000
flash3           0x00000000         0x00000000
flash4           0x00000000         0x00000000
flash5           0x00000000         0x00000000
flash6           0x00000000         0x00000000
flash7           0x00000000         0x00000000
ram0             0x20000000         0x00010000
ram1             0x00000000         0x00000000
ram2             0x00000000         0x00000000
ram3             0x00000000         0x00000000
ram4             0x10000000         0x00004000
ram5             0x00000000         0x00000000
ram6             0x00000000         0x00000000
ram7             0x00000000         0x00000000
*default*        0x00000000         0xffffffff

Linker script and memory map

                0x00000400                __main_stack_size__ = 0x400
                0x00000400                __process_stack_size__ = 0x400
LOAD d:/prg/prj/github/nucleo-f303re-GPS-logger/mc_sw/obj/Led.o
LOAD C:\Users\modo\AppData\Local\Temp\ccEwDrtf.ltrans0.ltrans.o
LOAD C:\Users\modo\AppData\Local\Temp\ccEwDrtf.ltrans1.ltrans.o
LOAD C:\Users\modo\AppData\Local\Temp\ccEwDrtf.ltrans2.ltrans.o
LOAD C:\Users\modo\AppData\Local\Temp\ccEwDrtf.ltrans3.ltrans.o
LOAD C:\Users\modo\AppData\Local\Temp\ccEwDrtf.ltrans4.ltrans.o
LOAD d:/prg/prj/github/nucleo-f303re-GPS-logger/mc_sw/obj/Os.o
LOAD d:/prg/prj/github/nucleo-f303re-GPS-logger/mc_sw/obj/Os_Cfg.o
LOAD d:/prg/prj/github/nucleo-f303re-GPS-logger/mc_sw/obj/board.o
LOAD d:/prg/prj/github/nucleo-f303re-GPS-logger/mc_sw/obj/chcond.o
LOAD d:/prg/prj/github/nucleo-f303re-GPS-logger/mc_sw/obj/chcore.o
LOAD d:/prg/prj/github/nucleo-f303re-GPS-logger/mc_sw/obj/chcore_v7m.o
LOAD d:/prg/prj/github/nucleo-f303re-GPS-logger/mc_sw/obj/chcoreasm_v7m.o
LOAD d:/prg/prj/github/nucleo-f303re-GPS-logger/mc_sw/obj/chdebug.o
LOAD d:/prg/prj/github/nucleo-f303re-GPS-logger/mc_sw/obj/chdynamic.o
LOAD d:/prg/prj/github/nucleo-f303re-GPS-logger/mc_sw/obj/chevents.o
LOAD d:/prg/prj/github/nucleo-f303re-GPS-logger/mc_sw/obj/chheap.o
LOAD d:/prg/prj/github/nucleo-f303re-GPS-logger/mc_sw/obj/chmboxes.o
LOAD d:/prg/prj/github/nucleo-f303re-GPS-logger/mc_sw/obj/chmemcore.o
LOAD d:/prg/prj/github/nucleo-f303re-GPS-logger/mc_sw/obj/chmempools.o
LOAD d:/prg/prj/github/nucleo-f303re-GPS-logger/mc_sw/obj/chmsg.o
LOAD d:/prg/prj/github/nucleo-f303re-GPS-logger/mc_sw/obj/chmtx.o
LOAD d:/prg/prj/github/nucleo-f303re-GPS-logger/mc_sw/obj/chregistry.o
LOAD d:/prg/prj/github/nucleo-f303re-GPS-logger/mc_sw/obj/chschd.o
LOAD d:/prg/prj/github/nucleo-f303re-GPS-logger/mc_sw/obj/chsem.o
LOAD d:/prg/prj/github/nucleo-f303re-GPS-logger/mc_sw/obj/chstats.o
LOAD d:/prg/prj/github/nucleo-f303re-GPS-logger/mc_sw/obj/chsys.o
LOAD d:/prg/prj/github/nucleo-f303re-GPS-logger/mc_sw/obj/chthreads.o
LOAD d:/prg/prj/github/nucleo-f303re-GPS-logger/mc_sw/obj/chtm.o
LOAD d:/prg/prj/github/nucleo-f303re-GPS-logger/mc_sw/obj/chvt.o
LOAD d:/prg/prj/github/nucleo-f303re-GPS-logger/mc_sw/obj/crt0_v7m.o
LOAD d:/prg/prj/github/nucleo-f303re-GPS-logger/mc_sw/obj/crt1.o
LOAD d:/prg/prj/github/nucleo-f303re-GPS-logger/mc_sw/obj/hal.o
LOAD d:/prg/prj/github/nucleo-f303re-GPS-logger/mc_sw/obj/hal_adc.o
LOAD d:/prg/prj/github/nucleo-f303re-GPS-logger/mc_sw/obj/hal_adc_lld.o
LOAD d:/prg/prj/github/nucleo-f303re-GPS-logger/mc_sw/obj/hal_buffers.o
LOAD d:/prg/prj/github/nucleo-f303re-GPS-logger/mc_sw/obj/hal_can.o
LOAD d:/prg/prj/github/nucleo-f303re-GPS-logger/mc_sw/obj/hal_can_lld.o
LOAD d:/prg/prj/github/nucleo-f303re-GPS-logger/mc_sw/obj/hal_dac.o
LOAD d:/prg/prj/github/nucleo-f303re-GPS-logger/mc_sw/obj/hal_dac_lld.o
LOAD d:/prg/prj/github/nucleo-f303re-GPS-logger/mc_sw/obj/hal_ext.o
LOAD d:/prg/prj/github/nucleo-f303re-GPS-logger/mc_sw/obj/hal_ext_lld.o
LOAD d:/prg/prj/github/nucleo-f303re-GPS-logger/mc_sw/obj/hal_ext_lld_isr.o
LOAD d:/prg/prj/github/nucleo-f303re-GPS-logger/mc_sw/obj/hal_gpt.o
LOAD d:/prg/prj/github/nucleo-f303re-GPS-logger/mc_sw/obj/hal_gpt_lld.o
LOAD d:/prg/prj/github/nucleo-f303re-GPS-logger/mc_sw/obj/hal_i2c.o
LOAD d:/prg/prj/github/nucleo-f303re-GPS-logger/mc_sw/obj/hal_i2c_lld.o
LOAD d:/prg/prj/github/nucleo-f303re-GPS-logger/mc_sw/obj/hal_i2s.o
LOAD d:/prg/prj/github/nucleo-f303re-GPS-logger/mc_sw/obj/hal_icu.o
LOAD d:/prg/prj/github/nucleo-f303re-GPS-logger/mc_sw/obj/hal_icu_lld.o
LOAD d:/prg/prj/github/nucleo-f303re-GPS-logger/mc_sw/obj/hal_lld.o
LOAD d:/prg/prj/github/nucleo-f303re-GPS-logger/mc_sw/obj/hal_mac.o
LOAD d:/prg/prj/github/nucleo-f303re-GPS-logger/mc_sw/obj/hal_mmc_spi.o
LOAD d:/prg/prj/github/nucleo-f303re-GPS-logger/mc_sw/obj/hal_mmcsd.o
LOAD d:/prg/prj/github/nucleo-f303re-GPS-logger/mc_sw/obj/hal_pal.o
LOAD d:/prg/prj/github/nucleo-f303re-GPS-logger/mc_sw/obj/hal_pal_lld.o
LOAD d:/prg/prj/github/nucleo-f303re-GPS-logger/mc_sw/obj/hal_pwm.o
LOAD d:/prg/prj/github/nucleo-f303re-GPS-logger/mc_sw/obj/hal_pwm_lld.o
LOAD d:/prg/prj/github/nucleo-f303re-GPS-logger/mc_sw/obj/hal_queues.o
LOAD d:/prg/prj/github/nucleo-f303re-GPS-logger/mc_sw/obj/hal_rtc.o
LOAD d:/prg/prj/github/nucleo-f303re-GPS-logger/mc_sw/obj/hal_rtc_lld.o
LOAD d:/prg/prj/github/nucleo-f303re-GPS-logger/mc_sw/obj/hal_sdc.o
LOAD d:/prg/prj/github/nucleo-f303re-GPS-logger/mc_sw/obj/hal_serial.o
LOAD d:/prg/prj/github/nucleo-f303re-GPS-logger/mc_sw/obj/hal_serial_lld.o
LOAD d:/prg/prj/github/nucleo-f303re-GPS-logger/mc_sw/obj/hal_serial_usb.o
LOAD d:/prg/prj/github/nucleo-f303re-GPS-logger/mc_sw/obj/hal_spi.o
LOAD d:/prg/prj/github/nucleo-f303re-GPS-logger/mc_sw/obj/hal_spi_lld.o
LOAD d:/prg/prj/github/nucleo-f303re-GPS-logger/mc_sw/obj/hal_st.o
LOAD d:/prg/prj/github/nucleo-f303re-GPS-logger/mc_sw/obj/hal_st_lld.o
LOAD d:/prg/prj/github/nucleo-f303re-GPS-logger/mc_sw/obj/hal_uart.o
LOAD d:/prg/prj/github/nucleo-f303re-GPS-logger/mc_sw/obj/hal_uart_lld.o
LOAD d:/prg/prj/github/nucleo-f303re-GPS-logger/mc_sw/obj/hal_usb.o
LOAD d:/prg/prj/github/nucleo-f303re-GPS-logger/mc_sw/obj/hal_usb_lld.o
LOAD d:/prg/prj/github/nucleo-f303re-GPS-logger/mc_sw/obj/hal_wdg.o
LOAD d:/prg/prj/github/nucleo-f303re-GPS-logger/mc_sw/obj/hal_wdg_lld.o
LOAD d:/prg/prj/github/nucleo-f303re-GPS-logger/mc_sw/obj/main.o
LOAD d:/prg/prj/github/nucleo-f303re-GPS-logger/mc_sw/obj/nvic.o
LOAD d:/prg/prj/github/nucleo-f303re-GPS-logger/mc_sw/obj/osal.o
LOAD d:/prg/prj/github/nucleo-f303re-GPS-logger/mc_sw/obj/stm32_dma.o
LOAD d:/prg/prj/github/nucleo-f303re-GPS-logger/mc_sw/obj/vectors.o
START GROUP
LOAD d:/prg/apps/gcc-arm-20160330/bin/../lib/gcc/arm-none-eabi/5.3.1/armv7e-m/fpu\libgcc.a
LOAD d:/prg/apps/gcc-arm-20160330/bin/../lib/gcc/arm-none-eabi/5.3.1/../../../../arm-none-eabi/lib/armv7e-m/fpu\libg_nano.a
LOAD d:/prg/apps/gcc-arm-20160330/bin/../lib/gcc/arm-none-eabi/5.3.1/../../../../arm-none-eabi/lib/armv7e-m/fpu\libc_nano.a
END GROUP
START GROUP
LOAD d:/prg/apps/gcc-arm-20160330/bin/../lib/gcc/arm-none-eabi/5.3.1/armv7e-m/fpu\libgcc.a
LOAD d:/prg/apps/gcc-arm-20160330/bin/../lib/gcc/arm-none-eabi/5.3.1/../../../../arm-none-eabi/lib/armv7e-m/fpu\libc_nano.a
END GROUP

.mstack         0x20000000      0x400
                0x20000000                . = ALIGN (0x8)
                0x20000000                __main_stack_base__ = .
                0x20000400                . = (. + __main_stack_size__)
 *fill*         0x20000000      0x400 
                0x20000400                . = ALIGN (0x8)
                0x20000400                __main_stack_end__ = .

.pstack         0x20000400      0x400
                0x20000400                __process_stack_base__ = .
                0x20000400                __main_thread_stack_base__ = .
                0x20000800                . = (. + __process_stack_size__)
 *fill*         0x20000400      0x400 
                0x20000800                . = ALIGN (0x8)
                0x20000800                __process_stack_end__ = .
                0x20000800                __main_thread_stack_end__ = .

vectors         0x08000000      0x1a0
 *(.vectors)
 .vectors       0x08000000      0x1a0 C:\Users\modo\AppData\Local\Temp\ccEwDrtf.ltrans4.ltrans.o
                0x08000000                _vectors

xtors           0x080001a0        0x0
                0x080001a0                __init_array_start = .
 *(SORT(.init_array.*))
 *(.init_array)
                0x080001a0                __init_array_end = .
                0x080001a0                __fini_array_start = .
 *(.fini_array)
 *(SORT(.fini_array.*))
                0x080001a0                __fini_array_end = .

.text           0x080001a0     0x2740
 *(.text)
 .text          0x080001a0       0x30 d:/prg/prj/github/nucleo-f303re-GPS-logger/mc_sw/obj/chcoreasm_v7m.o
                0x080001a0                _port_switch
                0x080001b8                _port_thread_start
                0x080001c8                _port_switch_from_isr
                0x080001cc                _port_exit_from_isr
 .text          0x080001d0      0x108 d:/prg/prj/github/nucleo-f303re-GPS-logger/mc_sw/obj/crt0_v7m.o
                0x080001d0                Reset_Handler
 *(.text.*)
 *fill*         0x080002d8        0x8 
 .text.serve_usart_irq
                0x080002e0       0xd0 C:\Users\modo\AppData\Local\Temp\ccEwDrtf.ltrans0.ltrans.o
 .text.VectorD8
                0x080003b0       0x14 C:\Users\modo\AppData\Local\Temp\ccEwDrtf.ltrans0.ltrans.o
                0x080003b0                VectorD8
 *fill*         0x080003c4        0xc 
 .text.VectorDC
                0x080003d0       0x14 C:\Users\modo\AppData\Local\Temp\ccEwDrtf.ltrans0.ltrans.o
                0x080003d0                VectorDC
 *fill*         0x080003e4        0xc 
 .text.uart_lld_init
                0x080003f0       0x70 C:\Users\modo\AppData\Local\Temp\ccEwDrtf.ltrans0.ltrans.o
                0x080003f0                uart_lld_init
 .text.main     0x08000460       0x4c C:\Users\modo\AppData\Local\Temp\ccEwDrtf.ltrans0.ltrans.o
                0x08000460                main
 *fill*         0x080004ac        0x4 
 .text.nvicSetSystemHandlerPriority
                0x080004b0       0x24 C:\Users\modo\AppData\Local\Temp\ccEwDrtf.ltrans0.ltrans.o
                0x080004b0                nvicSetSystemHandlerPriority
 *fill*         0x080004d4        0xc 
 .text.Vector6C
                0x080004e0       0x64 C:\Users\modo\AppData\Local\Temp\ccEwDrtf.ltrans0.ltrans.o
                0x080004e0                Vector6C
 *fill*         0x08000544        0xc 
 .text.Vector70
                0x08000550       0x64 C:\Users\modo\AppData\Local\Temp\ccEwDrtf.ltrans0.ltrans.o
                0x08000550                Vector70
 *fill*         0x080005b4        0xc 
 .text.Vector74
                0x080005c0       0x64 C:\Users\modo\AppData\Local\Temp\ccEwDrtf.ltrans0.ltrans.o
                0x080005c0                Vector74
 *fill*         0x08000624        0xc 
 .text.Vector78
                0x08000630       0x64 C:\Users\modo\AppData\Local\Temp\ccEwDrtf.ltrans0.ltrans.o
                0x08000630                Vector78
 *fill*         0x08000694        0xc 
 .text.Vector7C
                0x080006a0       0x64 C:\Users\modo\AppData\Local\Temp\ccEwDrtf.ltrans0.ltrans.o
                0x080006a0                Vector7C
 *fill*         0x08000704        0xc 
 .text.Vector80
                0x08000710       0x64 C:\Users\modo\AppData\Local\Temp\ccEwDrtf.ltrans0.ltrans.o
                0x08000710                Vector80
 *fill*         0x08000774        0xc 
 .text.Vector84
                0x08000780       0x64 C:\Users\modo\AppData\Local\Temp\ccEwDrtf.ltrans0.ltrans.o
                0x08000780                Vector84
 *fill*         0x080007e4        0xc 
 .text.Vector120
                0x080007f0       0x64 C:\Users\modo\AppData\Local\Temp\ccEwDrtf.ltrans0.ltrans.o
                0x080007f0                Vector120
 *fill*         0x08000854        0xc 
 .text.Vector124
                0x08000860       0x64 C:\Users\modo\AppData\Local\Temp\ccEwDrtf.ltrans0.ltrans.o
                0x08000860                Vector124
 *fill*         0x080008c4        0xc 
 .text.Vector128
                0x080008d0       0x64 C:\Users\modo\AppData\Local\Temp\ccEwDrtf.ltrans0.ltrans.o
                0x080008d0                Vector128
 *fill*         0x08000934        0xc 
 .text.Vector12C
                0x08000940       0x64 C:\Users\modo\AppData\Local\Temp\ccEwDrtf.ltrans0.ltrans.o
                0x08000940                Vector12C
 *fill*         0x080009a4        0xc 
 .text.Vector130
                0x080009b0       0x64 C:\Users\modo\AppData\Local\Temp\ccEwDrtf.ltrans0.ltrans.o
                0x080009b0                Vector130
 *fill*         0x08000a14        0xc 
 .text.dmaInit  0x08000a20       0x64 C:\Users\modo\AppData\Local\Temp\ccEwDrtf.ltrans0.ltrans.o
                0x08000a20                dmaInit
 *fill*         0x08000a84        0xc 
 .text._unhandled_exception
                0x08000a90        0x4 C:\Users\modo\AppData\Local\Temp\ccEwDrtf.ltrans0.ltrans.o
                0x08000a90                Vector58
                0x08000a90                VectorE8
                0x08000a90                Vector9C
                0x08000a90                VectorAC
                0x08000a90                DebugMon_Handler
                0x08000a90                Vector5C
                0x08000a90                Vector11C
                0x08000a90                HardFault_Handler
                0x08000a90                Vector19C
                0x08000a90                Vector8C
                0x08000a90                PendSV_Handler
                0x08000a90                Vector168
                0x08000a90                NMI_Handler
                0x08000a90                Vector110
                0x08000a90                VectorC8
                0x08000a90                Vector94
                0x08000a90                VectorA8
                0x08000a90                VectorB4
                0x08000a90                Vector160
                0x08000a90                UsageFault_Handler
                0x08000a90                VectorEC
                0x08000a90                Vector40
                0x08000a90                VectorF8
                0x08000a90                Vector108
                0x08000a90                VectorBC
                0x08000a90                Vector190
                0x08000a90                Vector150
                0x08000a90                Vector148
                0x08000a90                Vector188
                0x08000a90                Vector198
                0x08000a90                Vector118
                0x08000a90                Vector64
                0x08000a90                VectorCC
                0x08000a90                Vector54
                0x08000a90                Vector98
                0x08000a90                Vector138
                0x08000a90                Vector24
                0x08000a90                Vector178
                0x08000a90                VectorD0
                0x08000a90                Vector140
                0x08000a90                VectorE4
                0x08000a90                VectorC0
                0x08000a90                Vector158
                0x08000a90                Vector134
                0x08000a90                VectorF0
                0x08000a90                Vector13C
                0x08000a90                Vector100
                0x08000a90                VectorE0
                0x08000a90                VectorF4
                0x08000a90                MemManage_Handler
                0x08000a90                VectorA0
                0x08000a90                VectorC4
                0x08000a90                Vector180
                0x08000a90                VectorB0
                0x08000a90                Vector90
                0x08000a90                Vector114
                0x08000a90                Vector164
                0x08000a90                Vector60
                0x08000a90                Vector1C
                0x08000a90                Vector17C
                0x08000a90                Vector48
                0x08000a90                Vector16C
                0x08000a90                VectorD4
                0x08000a90                Vector4C
                0x08000a90                Vector144
                0x08000a90                Vector15C
                0x08000a90                Vector68
                0x08000a90                _unhandled_exception
                0x08000a90                Vector170
                0x08000a90                Vector88
                0x08000a90                Vector104
                0x08000a90                Vector184
                0x08000a90                Vector10C
                0x08000a90                Vector14C
                0x08000a90                BusFault_Handler
                0x08000a90                Vector50
                0x08000a90                Vector194
                0x08000a90                Vector154
                0x08000a90                Vector44
                0x08000a90                Vector28
                0x08000a90                VectorB8
                0x08000a90                VectorFC
                0x08000a90                Vector34
                0x08000a90                VectorA4
                0x08000a90                Vector20
                0x08000a90                Vector18C
                0x08000a90                Vector174
 *fill*         0x08000a94        0xc 
 .text.hal_lld_backup_domain_init
                0x08000aa0       0x58 C:\Users\modo\AppData\Local\Temp\ccEwDrtf.ltrans1.ltrans.o
 *fill*         0x08000af8        0x8 
 .text.hal_lld_init
                0x08000b00       0x70 C:\Users\modo\AppData\Local\Temp\ccEwDrtf.ltrans1.ltrans.o
                0x08000b00                hal_lld_init
 .text.stm32_clock_init
                0x08000b70       0xdc C:\Users\modo\AppData\Local\Temp\ccEwDrtf.ltrans1.ltrans.o
                0x08000b70                stm32_clock_init
 *fill*         0x08000c4c        0x4 
 .text.initgpio
                0x08000c50       0x44 C:\Users\modo\AppData\Local\Temp\ccEwDrtf.ltrans1.ltrans.o
 *fill*         0x08000c94        0xc 
 .text._pal_lld_init
                0x08000ca0       0x98 C:\Users\modo\AppData\Local\Temp\ccEwDrtf.ltrans1.ltrans.o
                0x08000ca0                _pal_lld_init
 *fill*         0x08000d38        0x8 
 .text._pal_lld_setgroupmode
                0x08000d40      0x168 C:\Users\modo\AppData\Local\Temp\ccEwDrtf.ltrans1.ltrans.o
                0x08000d40                _pal_lld_setgroupmode
 *fill*         0x08000ea8        0x8 
 .text.stInit   0x08000eb0        0x8 C:\Users\modo\AppData\Local\Temp\ccEwDrtf.ltrans1.ltrans.o
                0x08000eb0                stInit
 *fill*         0x08000eb8        0x8 
 .text.port_lock.lto_priv.19
                0x08000ec0       0x10 C:\Users\modo\AppData\Local\Temp\ccEwDrtf.ltrans1.ltrans.o
 .text.port_unlock.lto_priv.16
                0x08000ed0       0x10 C:\Users\modo\AppData\Local\Temp\ccEwDrtf.ltrans1.ltrans.o
 .text.port_lock_from_isr
                0x08000ee0        0x8 C:\Users\modo\AppData\Local\Temp\ccEwDrtf.ltrans1.ltrans.o
 *fill*         0x08000ee8        0x8 
 .text.port_unlock_from_isr
                0x08000ef0        0x8 C:\Users\modo\AppData\Local\Temp\ccEwDrtf.ltrans1.ltrans.o
 *fill*         0x08000ef8        0x8 
 .text.chSysLockFromISR
                0x08000f00        0x8 C:\Users\modo\AppData\Local\Temp\ccEwDrtf.ltrans1.ltrans.o
 *fill*         0x08000f08        0x8 
 .text.chSysUnlockFromISR
                0x08000f10        0x8 C:\Users\modo\AppData\Local\Temp\ccEwDrtf.ltrans1.ltrans.o
 *fill*         0x08000f18        0x8 
 .text.osalSysLockFromISR
                0x08000f20        0x8 C:\Users\modo\AppData\Local\Temp\ccEwDrtf.ltrans1.ltrans.o
 *fill*         0x08000f28        0x8 
 .text.osalSysUnlockFromISR
                0x08000f30        0x8 C:\Users\modo\AppData\Local\Temp\ccEwDrtf.ltrans1.ltrans.o
 *fill*         0x08000f38        0x8 
 .text.osalOsTimerHandlerI
                0x08000f40        0x8 C:\Users\modo\AppData\Local\Temp\ccEwDrtf.ltrans1.ltrans.o
 *fill*         0x08000f48        0x8 
 .text.SysTick_Handler
                0x08000f50       0x14 C:\Users\modo\AppData\Local\Temp\ccEwDrtf.ltrans1.ltrans.o
                0x08000f50                SysTick_Handler
 *fill*         0x08000f64        0xc 
 .text.st_lld_init
                0x08000f70       0x28 C:\Users\modo\AppData\Local\Temp\ccEwDrtf.ltrans1.ltrans.o
 *fill*         0x08000f98        0x8 
 .text.uartInit
                0x08000fa0        0x8 C:\Users\modo\AppData\Local\Temp\ccEwDrtf.ltrans1.ltrans.o
                0x08000fa0                uartInit
 *fill*         0x08000fa8        0x8 
 .text.uartObjectInit
                0x08000fb0       0x20 C:\Users\modo\AppData\Local\Temp\ccEwDrtf.ltrans1.ltrans.o
                0x08000fb0                uartObjectInit
 .text.translate_errors.lto_priv.4
                0x08000fd0       0x6c C:\Users\modo\AppData\Local\Temp\ccEwDrtf.ltrans1.ltrans.o
                0x08000fd0                translate_errors.lto_priv.4
 *fill*         0x0800103c        0x4 
 .text.chThdCreateSuspended
                0x08001040       0x20 C:\Users\modo\AppData\Local\Temp\ccEwDrtf.ltrans2.ltrans.o
                0x08001040                chThdCreateSuspended
 .text.chThdCreate
                0x08001060       0x28 C:\Users\modo\AppData\Local\Temp\ccEwDrtf.ltrans2.ltrans.o
                0x08001060                chThdCreate
 *fill*         0x08001088        0x8 
 .text.chThdStart
                0x08001090       0x20 C:\Users\modo\AppData\Local\Temp\ccEwDrtf.ltrans2.ltrans.o
                0x08001090                chThdStart
 .text.chThdExit
                0x080010b0       0x18 C:\Users\modo\AppData\Local\Temp\ccEwDrtf.ltrans2.ltrans.o
                0x080010b0                chThdExit
 *fill*         0x080010c8        0x8 
 .text.chThdExitS
                0x080010d0       0x48 C:\Users\modo\AppData\Local\Temp\ccEwDrtf.ltrans2.ltrans.o
 *fill*         0x08001118        0x8 
 .text.chThdSleep
                0x08001120       0x1c C:\Users\modo\AppData\Local\Temp\ccEwDrtf.ltrans2.ltrans.o
                0x08001120                chThdSleep
 *fill*         0x0800113c        0x4 
 .text.port_rt_get_counter_value
                0x08001140        0xc C:\Users\modo\AppData\Local\Temp\ccEwDrtf.ltrans2.ltrans.o
 *fill*         0x0800114c        0x4 
 .text.tm_stop  0x08001150       0x70 C:\Users\modo\AppData\Local\Temp\ccEwDrtf.ltrans2.ltrans.o
 .text._tm_init
                0x080011c0       0x34 C:\Users\modo\AppData\Local\Temp\ccEwDrtf.ltrans2.ltrans.o
                0x080011c0                _tm_init
 *fill*         0x080011f4        0xc 
 .text.chTMObjectInit
                0x08001200       0x38 C:\Users\modo\AppData\Local\Temp\ccEwDrtf.ltrans2.ltrans.o
 *fill*         0x08001238        0x8 
 .text.chTMStartMeasurementX
                0x08001240       0x18 C:\Users\modo\AppData\Local\Temp\ccEwDrtf.ltrans2.ltrans.o
 *fill*         0x08001258        0x8 
 .text.chTMStopMeasurementX
                0x08001260       0x24 C:\Users\modo\AppData\Local\Temp\ccEwDrtf.ltrans2.ltrans.o
 *fill*         0x08001284        0xc 
 .text._vt_init
                0x08001290       0x24 C:\Users\modo\AppData\Local\Temp\ccEwDrtf.ltrans2.ltrans.o
                0x08001290                _vt_init
 *fill*         0x080012b4        0xc 
 .text.chVTDoSetI
                0x080012c0       0x7c C:\Users\modo\AppData\Local\Temp\ccEwDrtf.ltrans2.ltrans.o
                0x080012c0                chVTDoSetI
 *fill*         0x0800133c        0x4 
 .text.chVTDoResetI
                0x08001340       0x40 C:\Users\modo\AppData\Local\Temp\ccEwDrtf.ltrans2.ltrans.o
                0x08001340                chVTDoResetI
 .text.__core_init
                0x08001380        0x4 C:\Users\modo\AppData\Local\Temp\ccEwDrtf.ltrans2.ltrans.o
                0x08001380                __core_init
 *fill*         0x08001384        0xc 
 .text.__late_init
                0x08001390        0x4 C:\Users\modo\AppData\Local\Temp\ccEwDrtf.ltrans2.ltrans.o
                0x08001390                __late_init
 *fill*         0x08001394        0xc 
 .text.__default_exit
                0x080013a0        0x4 C:\Users\modo\AppData\Local\Temp\ccEwDrtf.ltrans2.ltrans.o
                0x080013a0                __default_exit
 *fill*         0x080013a4        0xc 
 .text.__init_ram_areas
                0x080013b0       0x64 C:\Users\modo\AppData\Local\Temp\ccEwDrtf.ltrans2.ltrans.o
                0x080013b0                __init_ram_areas
 *fill*         0x08001414        0xc 
 .text.osalInit
                0x08001420        0x4 C:\Users\modo\AppData\Local\Temp\ccEwDrtf.ltrans2.ltrans.o
 *fill*         0x08001424        0xc 
 .text.halInit  0x08001430       0x24 C:\Users\modo\AppData\Local\Temp\ccEwDrtf.ltrans2.ltrans.o
                0x08001430                halInit
 *fill*         0x08001454        0xc 
 .text._scheduler_init
                0x08001460       0x14 C:\Users\modo\AppData\Local\Temp\ccEwDrtf.ltrans3.ltrans.o
 *fill*         0x08001474        0xc 
 .text.chSchReadyI
                0x08001480       0x48 C:\Users\modo\AppData\Local\Temp\ccEwDrtf.ltrans3.ltrans.o
                0x08001480                chSchReadyI
 *fill*         0x080014c8        0x8 
 .text.chSchReadyAheadI
                0x080014d0       0x48 C:\Users\modo\AppData\Local\Temp\ccEwDrtf.ltrans3.ltrans.o
 *fill*         0x08001518        0x8 
 .text.chSchGoSleepS
                0x08001520       0x44 C:\Users\modo\AppData\Local\Temp\ccEwDrtf.ltrans3.ltrans.o
                0x08001520                chSchGoSleepS
 *fill*         0x08001564        0xc 
 .text.wakeup   0x08001570       0x74 C:\Users\modo\AppData\Local\Temp\ccEwDrtf.ltrans3.ltrans.o
 *fill*         0x080015e4        0xc 
 .text.chSchGoSleepTimeoutS
                0x080015f0       0x64 C:\Users\modo\AppData\Local\Temp\ccEwDrtf.ltrans3.ltrans.o
                0x080015f0                chSchGoSleepTimeoutS
 *fill*         0x08001654        0xc 
 .text.chSchWakeupS
                0x08001660       0x50 C:\Users\modo\AppData\Local\Temp\ccEwDrtf.ltrans3.ltrans.o
                0x08001660                chSchWakeupS
 .text.chSchRescheduleS
                0x080016b0       0x14 C:\Users\modo\AppData\Local\Temp\ccEwDrtf.ltrans3.ltrans.o
                0x080016b0                chSchRescheduleS
 *fill*         0x080016c4        0xc 
 .text.chSchIsPreemptionRequired
                0x080016d0       0x2c C:\Users\modo\AppData\Local\Temp\ccEwDrtf.ltrans3.ltrans.o
                0x080016d0                chSchIsPreemptionRequired
 *fill*         0x080016fc        0x4 
 .text.chSchDoRescheduleAhead
                0x08001700       0x3c C:\Users\modo\AppData\Local\Temp\ccEwDrtf.ltrans3.ltrans.o
 *fill*         0x0800173c        0x4 
 .text.chSchDoReschedule
                0x08001740       0x3c C:\Users\modo\AppData\Local\Temp\ccEwDrtf.ltrans3.ltrans.o
                0x08001740                chSchDoReschedule
 *fill*         0x0800177c        0x4 
 .text.NVIC_SetPriorityGrouping
                0x08001780       0x3c C:\Users\modo\AppData\Local\Temp\ccEwDrtf.ltrans3.ltrans.o
 *fill*         0x080017bc        0x4 
 .text.NVIC_SetPriority
                0x080017c0       0x4c C:\Users\modo\AppData\Local\Temp\ccEwDrtf.ltrans3.ltrans.o
 *fill*         0x0800180c        0x4 
 .text.port_init
                0x08001810       0x48 C:\Users\modo\AppData\Local\Temp\ccEwDrtf.ltrans3.ltrans.o
 *fill*         0x08001858        0x8 
 .text.port_lock.lto_priv.51
                0x08001860       0x10 C:\Users\modo\AppData\Local\Temp\ccEwDrtf.ltrans3.ltrans.o
 .text.port_unlock.lto_priv.48
                0x08001870       0x10 C:\Users\modo\AppData\Local\Temp\ccEwDrtf.ltrans3.ltrans.o
 .text.port_lock_from_isr
                0x08001880        0x8 C:\Users\modo\AppData\Local\Temp\ccEwDrtf.ltrans3.ltrans.o
 *fill*         0x08001888        0x8 
 .text.port_unlock_from_isr
                0x08001890        0x8 C:\Users\modo\AppData\Local\Temp\ccEwDrtf.ltrans3.ltrans.o
 *fill*         0x08001898        0x8 
 .text.port_enable
                0x080018a0       0x14 C:\Users\modo\AppData\Local\Temp\ccEwDrtf.ltrans3.ltrans.o
 *fill*         0x080018b4        0xc 
 .text.port_wait_for_interrupt
                0x080018c0        0x4 C:\Users\modo\AppData\Local\Temp\ccEwDrtf.ltrans3.ltrans.o
 *fill*         0x080018c4        0xc 
 .text.chSysEnable
                0x080018d0        0x8 C:\Users\modo\AppData\Local\Temp\ccEwDrtf.ltrans3.ltrans.o
 *fill*         0x080018d8        0x8 
 .text.chSysLockFromISR.lto_priv.57
                0x080018e0        0x8 C:\Users\modo\AppData\Local\Temp\ccEwDrtf.ltrans3.ltrans.o
 *fill*         0x080018e8        0x8 
 .text.chSysUnlockFromISR.lto_priv.55
                0x080018f0        0x8 C:\Users\modo\AppData\Local\Temp\ccEwDrtf.ltrans3.ltrans.o
 *fill*         0x080018f8        0x8 
 .text.chVTDoTickI
                0x08001900       0x70 C:\Users\modo\AppData\Local\Temp\ccEwDrtf.ltrans3.ltrans.o
 .text._idle_thread.lto_priv.111
                0x08001970        0xc C:\Users\modo\AppData\Local\Temp\ccEwDrtf.ltrans3.ltrans.o
                0x08001970                _idle_thread.lto_priv.111
 *fill*         0x0800197c        0x4 
 .text.chSysInit
                0x08001980       0x4c C:\Users\modo\AppData\Local\Temp\ccEwDrtf.ltrans3.ltrans.o
                0x08001980                chSysInit
 *fill*         0x080019cc        0x4 
 .text.chSysTimerHandlerI
                0x080019d0        0x8 C:\Users\modo\AppData\Local\Temp\ccEwDrtf.ltrans3.ltrans.o
                0x080019d0                chSysTimerHandlerI
 *fill*         0x080019d8        0x8 
 .text.port_lock.lto_priv.52
                0x080019e0       0x10 C:\Users\modo\AppData\Local\Temp\ccEwDrtf.ltrans3.ltrans.o
 .text.port_unlock.lto_priv.49
                0x080019f0       0x10 C:\Users\modo\AppData\Local\Temp\ccEwDrtf.ltrans3.ltrans.o
 .text.list_init
                0x08001a00       0x10 C:\Users\modo\AppData\Local\Temp\ccEwDrtf.ltrans3.ltrans.o
 .text.list_notempty.lto_priv.38
                0x08001a10       0x1c C:\Users\modo\AppData\Local\Temp\ccEwDrtf.ltrans3.ltrans.o
                0x08001a10                list_notempty.lto_priv.38
 *fill*         0x08001a2c        0x4 
 .text.queue_init.lto_priv.46
                0x08001a30       0x14 C:\Users\modo\AppData\Local\Temp\ccEwDrtf.ltrans3.ltrans.o
 *fill*         0x08001a44        0xc 
 .text.list_remove.lto_priv.39
                0x08001a50       0x1c C:\Users\modo\AppData\Local\Temp\ccEwDrtf.ltrans3.ltrans.o
                0x08001a50                list_remove.lto_priv.39
 *fill*         0x08001a6c        0x4 
 .text.chSysLock.lto_priv.27
                0x08001a70        0x8 C:\Users\modo\AppData\Local\Temp\ccEwDrtf.ltrans3.ltrans.o
                0x08001a70                chSysLock.lto_priv.27
 *fill*         0x08001a78        0x8 
 .text.chSysUnlock.lto_priv.25
                0x08001a80        0x8 C:\Users\modo\AppData\Local\Temp\ccEwDrtf.ltrans3.ltrans.o
                0x08001a80                chSysUnlock.lto_priv.25
 *fill*         0x08001a88        0x8 
 .text.chThdStartI.lto_priv.40
                0x08001a90       0x18 C:\Users\modo\AppData\Local\Temp\ccEwDrtf.ltrans3.ltrans.o
                0x08001a90                chThdStartI.lto_priv.40
 *fill*         0x08001aa8        0x8 
 .text.chThdSleepS.lto_priv.35
                0x08001ab0       0x14 C:\Users\modo\AppData\Local\Temp\ccEwDrtf.ltrans3.ltrans.o
                0x08001ab0                chThdSleepS.lto_priv.35
 *fill*         0x08001ac4        0xc 
 .text._thread_init
                0x08001ad0       0x4c C:\Users\modo\AppData\Local\Temp\ccEwDrtf.ltrans3.ltrans.o
                0x08001ad0                _thread_init
 *fill*         0x08001b1c        0x4 
 .text.chThdCreateSuspendedI
                0x08001b20       0x54 C:\Users\modo\AppData\Local\Temp\ccEwDrtf.ltrans3.ltrans.o
                0x08001b20                chThdCreateSuspendedI
 *fill*         0x08001b74        0xc 
 .text.Led_Init
                0x08001b80      0x10c C:\Users\modo\AppData\Local\Temp\ccEwDrtf.ltrans4.ltrans.o
                0x08001b80                Led_Init
 *fill*         0x08001c8c        0x4 
 .text.Led_MainFunction
                0x08001c90       0x54 C:\Users\modo\AppData\Local\Temp\ccEwDrtf.ltrans4.ltrans.o
 *fill*         0x08001ce4        0xc 
 .text.Led_HeartBeat
                0x08001cf0       0x80 C:\Users\modo\AppData\Local\Temp\ccEwDrtf.ltrans4.ltrans.o
                0x08001cf0                Led_HeartBeat
 .text.setLedActive
                0x08001d70       0xbc C:\Users\modo\AppData\Local\Temp\ccEwDrtf.ltrans4.ltrans.o
 *fill*         0x08001e2c        0x4 
 .text.setLedInactive
                0x08001e30       0xbc C:\Users\modo\AppData\Local\Temp\ccEwDrtf.ltrans4.ltrans.o
 *fill*         0x08001eec        0x4 
 .text.getLedState
                0x08001ef0       0xcc C:\Users\modo\AppData\Local\Temp\ccEwDrtf.ltrans4.ltrans.o
 *fill*         0x08001fbc        0x4 
 .text.toggleLed
                0x08001fc0       0x80 C:\Users\modo\AppData\Local\Temp\ccEwDrtf.ltrans4.ltrans.o
 .text.heartBeatExec
                0x08002040      0x260 C:\Users\modo\AppData\Local\Temp\ccEwDrtf.ltrans4.ltrans.o
 .text.port_lock.lto_priv.79
                0x080022a0       0x10 C:\Users\modo\AppData\Local\Temp\ccEwDrtf.ltrans4.ltrans.o
 .text.port_unlock.lto_priv.70
                0x080022b0       0x10 C:\Users\modo\AppData\Local\Temp\ccEwDrtf.ltrans4.ltrans.o
 .text.chSysLock.lto_priv.95
                0x080022c0        0x8 C:\Users\modo\AppData\Local\Temp\ccEwDrtf.ltrans4.ltrans.o
 *fill*         0x080022c8        0x8 
 .text.chSysUnlock.lto_priv.88
                0x080022d0        0x8 C:\Users\modo\AppData\Local\Temp\ccEwDrtf.ltrans4.ltrans.o
 *fill*         0x080022d8        0x8 
 .text.chVTGetSystemTimeX
                0x080022e0        0xc C:\Users\modo\AppData\Local\Temp\ccEwDrtf.ltrans4.ltrans.o
 *fill*         0x080022ec        0x4 
 .text.chVTGetSystemTime
                0x080022f0       0x1c C:\Users\modo\AppData\Local\Temp\ccEwDrtf.ltrans4.ltrans.o
 *fill*         0x0800230c        0x4 
 .text.chVTIsTimeWithinX
                0x08002310       0x24 C:\Users\modo\AppData\Local\Temp\ccEwDrtf.ltrans4.ltrans.o
 *fill*         0x08002334        0xc 
 .text.chVTIsSystemTimeWithin
                0x08002340       0x24 C:\Users\modo\AppData\Local\Temp\ccEwDrtf.ltrans4.ltrans.o
 *fill*         0x08002364        0xc 
 .text.Os_Init  0x08002370       0xdc C:\Users\modo\AppData\Local\Temp\ccEwDrtf.ltrans4.ltrans.o
                0x08002370                Os_Init
 *fill*         0x0800244c        0x4 
 .text.Os_StartTasks
                0x08002450       0x88 C:\Users\modo\AppData\Local\Temp\ccEwDrtf.ltrans4.ltrans.o
                0x08002450                Os_StartTasks
 *fill*         0x080024d8        0x8 
 .text.Task_2ms
                0x080024e0       0x30 C:\Users\modo\AppData\Local\Temp\ccEwDrtf.ltrans4.ltrans.o
 .text.Task_5ms
                0x08002510       0x30 C:\Users\modo\AppData\Local\Temp\ccEwDrtf.ltrans4.ltrans.o
 .text.Task_10ms
                0x08002540       0x34 C:\Users\modo\AppData\Local\Temp\ccEwDrtf.ltrans4.ltrans.o
 *fill*         0x08002574        0xc 
 .text.Task_20ms
                0x08002580       0x30 C:\Users\modo\AppData\Local\Temp\ccEwDrtf.ltrans4.ltrans.o
 .text.Task_40ms
                0x080025b0       0x30 C:\Users\modo\AppData\Local\Temp\ccEwDrtf.ltrans4.ltrans.o
 .text.Task_80ms
                0x080025e0       0x30 C:\Users\modo\AppData\Local\Temp\ccEwDrtf.ltrans4.ltrans.o
 .text.Task_100ms
                0x08002610       0x30 C:\Users\modo\AppData\Local\Temp\ccEwDrtf.ltrans4.ltrans.o
 .text.__early_init
                0x08002640        0x8 C:\Users\modo\AppData\Local\Temp\ccEwDrtf.ltrans4.ltrans.o
                0x08002640                __early_init
 *fill*         0x08002648        0x8 
 .text.boardInit
                0x08002650        0x4 C:\Users\modo\AppData\Local\Temp\ccEwDrtf.ltrans4.ltrans.o
                0x08002650                boardInit
 *fill*         0x08002654        0xc 
 .text.port_lock.lto_priv.81
                0x08002660       0x10 C:\Users\modo\AppData\Local\Temp\ccEwDrtf.ltrans4.ltrans.o
 .text.port_unlock.lto_priv.72
                0x08002670       0x10 C:\Users\modo\AppData\Local\Temp\ccEwDrtf.ltrans4.ltrans.o
 .text.port_lock_from_isr.lto_priv.68
                0x08002680        0x8 C:\Users\modo\AppData\Local\Temp\ccEwDrtf.ltrans4.ltrans.o
 *fill*         0x08002688        0x8 
 .text.port_unlock_from_isr.lto_priv.66
                0x08002690        0x8 C:\Users\modo\AppData\Local\Temp\ccEwDrtf.ltrans4.ltrans.o
 *fill*         0x08002698        0x8 
 .text.SVC_Handler
                0x080026a0       0x38 C:\Users\modo\AppData\Local\Temp\ccEwDrtf.ltrans4.ltrans.o
 *fill*         0x080026d8        0x8 
 .text._port_irq_epilogue
                0x080026e0       0x78 C:\Users\modo\AppData\Local\Temp\ccEwDrtf.ltrans4.ltrans.o
                0x080026e0                _port_irq_epilogue
 *fill*         0x08002758        0x8 
 .text._core_init
                0x08002760       0x20 C:\Users\modo\AppData\Local\Temp\ccEwDrtf.ltrans4.ltrans.o
                0x08002760                _core_init
 .text.port_lock.lto_priv.87
                0x08002780       0x10 C:\Users\modo\AppData\Local\Temp\ccEwDrtf.ltrans4.ltrans.o
 .text.port_unlock.lto_priv.78
                0x08002790       0x10 C:\Users\modo\AppData\Local\Temp\ccEwDrtf.ltrans4.ltrans.o
 .text.port_lock_from_isr.lto_priv.69
                0x080027a0        0x8 C:\Users\modo\AppData\Local\Temp\ccEwDrtf.ltrans4.ltrans.o
 *fill*         0x080027a8        0x8 
 .text.port_unlock_from_isr.lto_priv.67
                0x080027b0        0x8 C:\Users\modo\AppData\Local\Temp\ccEwDrtf.ltrans4.ltrans.o
 *fill*         0x080027b8        0x8 
 .text.queue_init.lto_priv.44
                0x080027c0       0x14 C:\Users\modo\AppData\Local\Temp\ccEwDrtf.ltrans4.ltrans.o
                0x080027c0                queue_init.lto_priv.44
 *fill*         0x080027d4        0xc 
 .text.queue_fifo_remove.lto_priv.41
                0x080027e0       0x24 C:\Users\modo\AppData\Local\Temp\ccEwDrtf.ltrans4.ltrans.o
                0x080027e0                queue_fifo_remove.lto_priv.41
 *fill*         0x08002804        0xc 
 .text.queue_dequeue.lto_priv.64
                0x08002810       0x20 C:\Users\modo\AppData\Local\Temp\ccEwDrtf.ltrans4.ltrans.o
                0x08002810                queue_dequeue.lto_priv.64
 .text.chSchIsRescRequiredI.lto_priv.62
                0x08002830       0x20 C:\Users\modo\AppData\Local\Temp\ccEwDrtf.ltrans4.ltrans.o
                0x08002830                chSchIsRescRequiredI.lto_priv.62
 .text.chSysLockFromISR.lto_priv.56
                0x08002850        0x8 C:\Users\modo\AppData\Local\Temp\ccEwDrtf.ltrans4.ltrans.o
                0x08002850                chSysLockFromISR.lto_priv.56
 *fill*         0x08002858        0x8 
 .text.chSysUnlockFromISR.lto_priv.54
                0x08002860        0x8 C:\Users\modo\AppData\Local\Temp\ccEwDrtf.ltrans4.ltrans.o
                0x08002860                chSysUnlockFromISR.lto_priv.54
 *fill*         0x08002868        0x8 
 .text.chVTIsArmedI.lto_priv.63
                0x08002870       0x18 C:\Users\modo\AppData\Local\Temp\ccEwDrtf.ltrans4.ltrans.o
                0x08002870                chVTIsArmedI.lto_priv.63
 *fill*         0x08002888        0x8 
 .text.chSemFastSignalI.lto_priv.65
                0x08002890       0x14 C:\Users\modo\AppData\Local\Temp\ccEwDrtf.ltrans4.ltrans.o
                0x08002890                chSemFastSignalI.lto_priv.65
 *fill*         0x080028a4        0xc 
 .text.memcpy   0x080028b0       0x16 d:/prg/apps/gcc-arm-20160330/bin/../lib/gcc/arm-none-eabi/5.3.1/../../../../arm-none-eabi/lib/armv7e-m/fpu\libg_nano.a(lib_a-memcpy-stub.o)
                0x080028b0                memcpy
 *fill*         0x080028c6        0xa 
 .text.memset   0x080028d0       0x10 d:/prg/apps/gcc-arm-20160330/bin/../lib/gcc/arm-none-eabi/5.3.1/../../../../arm-none-eabi/lib/armv7e-m/fpu\libg_nano.a(lib_a-memset.o)
                0x080028d0                memset
 *(.glue_7t)
 .glue_7t       0x080028e0        0x0 linker stubs
 *(.glue_7)
 .glue_7        0x080028e0        0x0 linker stubs
 *(.gcc*)

.vfp11_veneer   0x080028e0        0x0
 .vfp11_veneer  0x080028e0        0x0 linker stubs

.v4_bx          0x080028e0        0x0
 .v4_bx         0x080028e0        0x0 linker stubs

.iplt           0x080028e0        0x0
 .iplt          0x080028e0        0x0 d:/prg/prj/github/nucleo-f303re-GPS-logger/mc_sw/obj/chcoreasm_v7m.o

.rodata         0x080028e0      0x34c
                0x080028e0                . = ALIGN (0x4)
                0x080028e0                __rodata_base__ = .
 *(.rodata)
 .rodata        0x080028e0        0x5 C:\Users\modo\AppData\Local\Temp\ccEwDrtf.ltrans3.ltrans.o
 *fill*         0x080028e5        0x3 
 .rodata        0x080028e8        0x5 C:\Users\modo\AppData\Local\Temp\ccEwDrtf.ltrans4.ltrans.o
 *(.rodata.*)
 *fill*         0x080028ed        0x3 
 .rodata.Led_Config
                0x080028f0       0x10 C:\Users\modo\AppData\Local\Temp\ccEwDrtf.ltrans4.ltrans.o
 .rodata.OsCfg_Config
                0x08002900       0xc4 C:\Users\modo\AppData\Local\Temp\ccEwDrtf.ltrans4.ltrans.o
 .rodata.pal_default_config
                0x080029c4       0xe0 C:\Users\modo\AppData\Local\Temp\ccEwDrtf.ltrans4.ltrans.o
                0x080029c4                pal_default_config
 .rodata.idle_descriptor.5849.lto_priv.53
                0x08002aa4       0x18 C:\Users\modo\AppData\Local\Temp\ccEwDrtf.ltrans4.ltrans.o
                0x08002aa4                idle_descriptor.5849.lto_priv.53
 .rodata.ram_areas.lto_priv.29
                0x08002abc       0x80 C:\Users\modo\AppData\Local\Temp\ccEwDrtf.ltrans4.ltrans.o
                0x08002abc                ram_areas.lto_priv.29
 .rodata._stm32_dma_streams
                0x08002b3c       0xf0 C:\Users\modo\AppData\Local\Temp\ccEwDrtf.ltrans4.ltrans.o
                0x08002b3c                _stm32_dma_streams
                0x08002c2c                . = ALIGN (0x4)
                0x08002c2c                __rodata_end__ = .

.rel.dyn        0x08002c2c        0x0
 .rel.iplt      0x08002c2c        0x0 d:/prg/prj/github/nucleo-f303re-GPS-logger/mc_sw/obj/chcoreasm_v7m.o

.ARM.extab
 *(.ARM.extab* .gnu.linkonce.armextab.*)

.ARM.exidx      0x08002c2c        0x0
                0x08002c2c                __exidx_start = .
 *(.ARM.exidx* .gnu.linkonce.armexidx.*)
                0x08002c2c                __exidx_end = .

.eh_frame_hdr
 *(.eh_frame_hdr)

.eh_frame
 *(.eh_frame)
                0x20000000                __ram0_start__ = ORIGIN (ram0)
                0x00010000                __ram0_size__ = LENGTH (ram0)
                0x20010000                __ram0_end__ = (__ram0_start__ + __ram0_size__)
                0x00000000                __ram1_start__ = ORIGIN (ram1)
                0x00000000                __ram1_size__ = LENGTH (ram1)
                0x00000000                __ram1_end__ = (__ram1_start__ + __ram1_size__)
                0x00000000                __ram2_start__ = ORIGIN (ram2)
                0x00000000                __ram2_size__ = LENGTH (ram2)
                0x00000000                __ram2_end__ = (__ram2_start__ + __ram2_size__)
                0x00000000                __ram3_start__ = ORIGIN (ram3)
                0x00000000                __ram3_size__ = LENGTH (ram3)
                0x00000000                __ram3_end__ = (__ram3_start__ + __ram3_size__)
                0x10000000                __ram4_start__ = ORIGIN (ram4)
                0x00004000                __ram4_size__ = LENGTH (ram4)
                0x10004000                __ram4_end__ = (__ram4_start__ + __ram4_size__)
                0x00000000                __ram5_start__ = ORIGIN (ram5)
                0x00000000                __ram5_size__ = LENGTH (ram5)
                0x00000000                __ram5_end__ = (__ram5_start__ + __ram5_size__)
                0x00000000                __ram6_start__ = ORIGIN (ram6)
                0x00000000                __ram6_size__ = LENGTH (ram6)
                0x00000000                __ram6_end__ = (__ram6_start__ + __ram6_size__)
                0x00000000                __ram7_start__ = ORIGIN (ram7)
                0x00000000                __ram7_size__ = LENGTH (ram7)
                0x00000000                __ram7_end__ = (__ram7_start__ + __ram7_size__)

.data           0x20000800        0x0 load address 0x08002c2c
                0x20000800                . = ALIGN (0x4)
                [!provide]                PROVIDE (_textdata, LOADADDR (.data))
                [!provide]                PROVIDE (_data, .)
                0x08002c2c                _textdata_start = LOADADDR (.data)
                0x20000800                _data_start = .
 *(.data)
 *(.data.*)
 *(.ramtext)
                0x20000800                . = ALIGN (0x4)
                [!provide]                PROVIDE (_edata, .)
                0x20000800                _data_end = .

.igot.plt       0x20000800        0x0 load address 0x08002c2c
 .igot.plt      0x20000800        0x0 d:/prg/prj/github/nucleo-f303re-GPS-logger/mc_sw/obj/chcoreasm_v7m.o

.bss            0x20000800     0x19ac load address 0x08002c2c
                0x20000800                . = ALIGN (0x4)
                0x20000800                _bss_start = .
 *(.bss)
 *(.bss.*)
 .bss.Led_Data  0x20000800       0x2c C:\Users\modo\AppData\Local\Temp\ccEwDrtf.ltrans4.ltrans.o
 .bss.OsCfg_TaskPool
                0x2000082c       0x1c C:\Users\modo\AppData\Local\Temp\ccEwDrtf.ltrans4.ltrans.o
 .bss.Task_2ms_Stack
                0x20000848      0x348 C:\Users\modo\AppData\Local\Temp\ccEwDrtf.ltrans4.ltrans.o
 .bss.Task_5ms_Stack
                0x20000b90      0x348 C:\Users\modo\AppData\Local\Temp\ccEwDrtf.ltrans4.ltrans.o
 .bss.Task_10ms_Stack
                0x20000ed8      0x348 C:\Users\modo\AppData\Local\Temp\ccEwDrtf.ltrans4.ltrans.o
 .bss.Task_20ms_Stack
                0x20001220      0x348 C:\Users\modo\AppData\Local\Temp\ccEwDrtf.ltrans4.ltrans.o
 .bss.Task_40ms_Stack
                0x20001568      0x348 C:\Users\modo\AppData\Local\Temp\ccEwDrtf.ltrans4.ltrans.o
 .bss.Task_80ms_Stack
                0x200018b0      0x348 C:\Users\modo\AppData\Local\Temp\ccEwDrtf.ltrans4.ltrans.o
 .bss.Task_100ms_Stack
                0x20001bf8      0x348 C:\Users\modo\AppData\Local\Temp\ccEwDrtf.ltrans4.ltrans.o
 .bss.nextmem   0x20001f40        0x4 C:\Users\modo\AppData\Local\Temp\ccEwDrtf.ltrans4.ltrans.o
 .bss.endmem    0x20001f44        0x4 C:\Users\modo\AppData\Local\Temp\ccEwDrtf.ltrans4.ltrans.o
 .bss.ch        0x20001f48       0x64 C:\Users\modo\AppData\Local\Temp\ccEwDrtf.ltrans4.ltrans.o
                0x20001f48                ch
 *fill*         0x20001fac        0x4 
 .bss.ch_idle_thread_wa
                0x20001fb0      0x158 C:\Users\modo\AppData\Local\Temp\ccEwDrtf.ltrans4.ltrans.o
                0x20001fb0                ch_idle_thread_wa
 .bss.UARTD2    0x20002108       0x20 C:\Users\modo\AppData\Local\Temp\ccEwDrtf.ltrans4.ltrans.o
                0x20002108                UARTD2
 .bss.UARTD3    0x20002128       0x20 C:\Users\modo\AppData\Local\Temp\ccEwDrtf.ltrans4.ltrans.o
                0x20002128                UARTD3
 .bss._stm32_dma_isr_redir
                0x20002148       0x60 C:\Users\modo\AppData\Local\Temp\ccEwDrtf.ltrans4.ltrans.o
                0x20002148                _stm32_dma_isr_redir
 .bss.dma_streams_mask.lto_priv.0
                0x200021a8        0x4 C:\Users\modo\AppData\Local\Temp\ccEwDrtf.ltrans4.ltrans.o
                0x200021a8                dma_streams_mask.lto_priv.0
 *(COMMON)
                0x200021ac                . = ALIGN (0x4)
                0x200021ac                _bss_end = .
                [!provide]                PROVIDE (end, .)

.ram0_init      0x200021ac        0x0 load address 0x08002c2c
                0x200021ac                . = ALIGN (0x4)
                0x08002c2c                __ram0_init_text__ = LOADADDR (.ram0_init)
                0x200021ac                __ram0_init__ = .
 *(.ram0_init)
 *(.ram0_init.*)
                0x200021ac                . = ALIGN (0x4)

.ram0           0x200021ac        0x0 load address 0x08002c2c
                0x200021ac                . = ALIGN (0x4)
                0x200021ac                __ram0_clear__ = .
 *(.ram0_clear)
 *(.ram0_clear.*)
                0x200021ac                . = ALIGN (0x4)
                0x200021ac                __ram0_noinit__ = .
 *(.ram0)
 *(.ram0.*)
                0x200021ac                . = ALIGN (0x4)
                0x200021ac                __ram0_free__ = .

.ram1_init      0x00000000        0x0 load address 0x08002c2c
                0x00000000                . = ALIGN (0x4)
                0x08002c2c                __ram1_init_text__ = LOADADDR (.ram1_init)
                0x00000000                __ram1_init__ = .
 *(.ram1_init)
 *(.ram1_init.*)
                0x00000000                . = ALIGN (0x4)

.ram1           0x00000000        0x0 load address 0x08002c2c
                0x00000000                . = ALIGN (0x4)
                0x00000000                __ram1_clear__ = .
 *(.ram1_clear)
 *(.ram1_clear.*)
                0x00000000                . = ALIGN (0x4)
                0x00000000                __ram1_noinit__ = .
 *(.ram1)
 *(.ram1.*)
                0x00000000                . = ALIGN (0x4)
                0x00000000                __ram1_free__ = .

.ram2_init      0x00000000        0x0 load address 0x08002c2c
                0x00000000                . = ALIGN (0x4)
                0x08002c2c                __ram2_init_text__ = LOADADDR (.ram2_init)
                0x00000000                __ram2_init__ = .
 *(.ram2_init)
 *(.ram2_init.*)
                0x00000000                . = ALIGN (0x4)

.ram2           0x00000000        0x0 load address 0x08002c2c
                0x00000000                . = ALIGN (0x4)
                0x00000000                __ram2_clear__ = .
 *(.ram2_clear)
 *(.ram2_clear.*)
                0x00000000                . = ALIGN (0x4)
                0x00000000                __ram2_noinit__ = .
 *(.ram2)
 *(.ram2.*)
                0x00000000                . = ALIGN (0x4)
                0x00000000                __ram2_free__ = .

.ram3_init      0x00000000        0x0 load address 0x08002c2c
                0x00000000                . = ALIGN (0x4)
                0x08002c2c                __ram3_init_text__ = LOADADDR (.ram3_init)
                0x00000000                __ram3_init__ = .
 *(.ram3_init)
 *(.ram3_init.*)
                0x00000000                . = ALIGN (0x4)

.ram3           0x00000000        0x0 load address 0x08002c2c
                0x00000000                . = ALIGN (0x4)
                0x00000000                __ram3_clear__ = .
 *(.ram3_clear)
 *(.ram3_clear.*)
                0x00000000                . = ALIGN (0x4)
                0x00000000                __ram3_noinit__ = .
 *(.ram3)
 *(.ram3.*)
                0x00000000                . = ALIGN (0x4)
                0x00000000                __ram3_free__ = .

.ram4_init      0x10000000        0x0 load address 0x08002c2c
                0x10000000                . = ALIGN (0x4)
                0x08002c2c                __ram4_init_text__ = LOADADDR (.ram4_init)
                0x10000000                __ram4_init__ = .
 *(.ram4_init)
 *(.ram4_init.*)
                0x10000000                . = ALIGN (0x4)

.ram4           0x10000000        0x0 load address 0x08002c2c
                0x10000000                . = ALIGN (0x4)
                0x10000000                __ram4_clear__ = .
 *(.ram4_clear)
 *(.ram4_clear.*)
                0x10000000                . = ALIGN (0x4)
                0x10000000                __ram4_noinit__ = .
 *(.ram4)
 *(.ram4.*)
                0x10000000                . = ALIGN (0x4)
                0x10000000                __ram4_free__ = .

.ram5_init      0x00000000        0x0 load address 0x08002c2c
                0x00000000                . = ALIGN (0x4)
                0x08002c2c                __ram5_init_text__ = LOADADDR (.ram5_init)
                0x00000000                __ram5_init__ = .
 *(.ram5_init)
 *(.ram5_init.*)
                0x00000000                . = ALIGN (0x4)

.ram5           0x00000000        0x0 load address 0x08002c2c
                0x00000000                . = ALIGN (0x4)
                0x00000000                __ram5_clear__ = .
 *(.ram5_clear)
 *(.ram5_clear.*)
                0x00000000                . = ALIGN (0x4)
                0x00000000                __ram5_noinit__ = .
 *(.ram5)
 *(.ram5.*)
                0x00000000                . = ALIGN (0x4)
                0x00000000                __ram5_free__ = .

.ram6_init      0x00000000        0x0 load address 0x08002c2c
                0x00000000                . = ALIGN (0x4)
                0x08002c2c                __ram6_init_text__ = LOADADDR (.ram6_init)
                0x00000000                __ram6_init__ = .
 *(.ram6_init)
 *(.ram6_init.*)
                0x00000000                . = ALIGN (0x4)

.ram6           0x00000000        0x0 load address 0x08002c2c
                0x00000000                . = ALIGN (0x4)
                0x00000000                __ram6_clear__ = .
 *(.ram6_clear)
 *(.ram6_clear.*)
                0x00000000                . = ALIGN (0x4)
                0x00000000                __ram6_noinit__ = .
 *(.ram6)
 *(.ram6.*)
                0x00000000                . = ALIGN (0x4)
                0x00000000                __ram6_free__ = .

.ram7_init      0x00000000        0x0 load address 0x08002c2c
                0x00000000                . = ALIGN (0x4)
                0x08002c2c                __ram7_init_text__ = LOADADDR (.ram7_init)
                0x00000000                __ram7_init__ = .
 *(.ram7_init)
 *(.ram7_init.*)
                0x00000000                . = ALIGN (0x4)

.ram7           0x00000000        0x0 load address 0x08002c2c
                0x00000000                . = ALIGN (0x4)
                0x00000000                __ram7_clear__ = .
 *(.ram7_clear)
 *(.ram7_clear.*)
                0x00000000                . = ALIGN (0x4)
                0x00000000                __ram7_noinit__ = .
 *(.ram7)
 *(.ram7.*)
                0x00000000                . = ALIGN (0x4)
                0x00000000                __ram7_free__ = .

.heap           0x200021ac     0xde54
                0x200021b0                . = ALIGN (0x8)
 *fill*         0x200021ac        0x4 
                0x200021b0                __heap_base__ = .
                0x20010000                . = (ORIGIN (HEAP_RAM) + LENGTH (HEAP_RAM))
 *fill*         0x200021b0     0xde50 
                0x20010000                __heap_end__ = .
OUTPUT(d:/prg/prj/github/nucleo-f303re-GPS-logger/mc_sw/out/stm32f303RE-nucleo.elf elf32-littlearm)

.debug_info     0x00000000     0x8f0f
 .debug_info    0x00000000      0xc1c C:\Users\modo\AppData\Local\Temp\ccEwDrtf.ltrans0.ltrans.o
 .debug_info    0x00000c1c     0x1d28 C:\Users\modo\AppData\Local\Temp\ccEwDrtf.ltrans1.ltrans.o
 .debug_info    0x00002944     0x16e4 C:\Users\modo\AppData\Local\Temp\ccEwDrtf.ltrans2.ltrans.o
 .debug_info    0x00004028     0x182f C:\Users\modo\AppData\Local\Temp\ccEwDrtf.ltrans3.ltrans.o
 .debug_info    0x00005857     0x3519 C:\Users\modo\AppData\Local\Temp\ccEwDrtf.ltrans4.ltrans.o
 .debug_info    0x00008d70       0xd1 d:/prg/prj/github/nucleo-f303re-GPS-logger/mc_sw/obj/chcoreasm_v7m.o
 .debug_info    0x00008e41       0xce d:/prg/prj/github/nucleo-f303re-GPS-logger/mc_sw/obj/crt0_v7m.o

.debug_abbrev   0x00000000     0x141b
 .debug_abbrev  0x00000000      0x2e5 C:\Users\modo\AppData\Local\Temp\ccEwDrtf.ltrans0.ltrans.o
 .debug_abbrev  0x000002e5      0x3f4 C:\Users\modo\AppData\Local\Temp\ccEwDrtf.ltrans1.ltrans.o
 .debug_abbrev  0x000006d9      0x3cd C:\Users\modo\AppData\Local\Temp\ccEwDrtf.ltrans2.ltrans.o
 .debug_abbrev  0x00000aa6      0x4a4 C:\Users\modo\AppData\Local\Temp\ccEwDrtf.ltrans3.ltrans.o
 .debug_abbrev  0x00000f4a      0x4a9 C:\Users\modo\AppData\Local\Temp\ccEwDrtf.ltrans4.ltrans.o
 .debug_abbrev  0x000013f3       0x14 d:/prg/prj/github/nucleo-f303re-GPS-logger/mc_sw/obj/chcoreasm_v7m.o
 .debug_abbrev  0x00001407       0x14 d:/prg/prj/github/nucleo-f303re-GPS-logger/mc_sw/obj/crt0_v7m.o

.debug_aranges  0x00000000      0xd98
 .debug_aranges
                0x00000000      0x128 C:\Users\modo\AppData\Local\Temp\ccEwDrtf.ltrans0.ltrans.o
 .debug_aranges
                0x00000128      0x290 C:\Users\modo\AppData\Local\Temp\ccEwDrtf.ltrans1.ltrans.o
 .debug_aranges
                0x000003b8      0x248 C:\Users\modo\AppData\Local\Temp\ccEwDrtf.ltrans2.ltrans.o
 .debug_aranges
                0x00000600      0x2a8 C:\Users\modo\AppData\Local\Temp\ccEwDrtf.ltrans3.ltrans.o
 .debug_aranges
                0x000008a8      0x4b0 C:\Users\modo\AppData\Local\Temp\ccEwDrtf.ltrans4.ltrans.o
 .debug_aranges
                0x00000d58       0x20 d:/prg/prj/github/nucleo-f303re-GPS-logger/mc_sw/obj/chcoreasm_v7m.o
 .debug_aranges
                0x00000d78       0x20 d:/prg/prj/github/nucleo-f303re-GPS-logger/mc_sw/obj/crt0_v7m.o

.debug_ranges   0x00000000      0xd08
 .debug_ranges  0x00000000      0x118 C:\Users\modo\AppData\Local\Temp\ccEwDrtf.ltrans0.ltrans.o
 .debug_ranges  0x00000118      0x280 C:\Users\modo\AppData\Local\Temp\ccEwDrtf.ltrans1.ltrans.o
 .debug_ranges  0x00000398      0x238 C:\Users\modo\AppData\Local\Temp\ccEwDrtf.ltrans2.ltrans.o
 .debug_ranges  0x000005d0      0x298 C:\Users\modo\AppData\Local\Temp\ccEwDrtf.ltrans3.ltrans.o
 .debug_ranges  0x00000868      0x4a0 C:\Users\modo\AppData\Local\Temp\ccEwDrtf.ltrans4.ltrans.o

.debug_line     0x00000000     0x42a4
 .debug_line    0x00000000      0x68a C:\Users\modo\AppData\Local\Temp\ccEwDrtf.ltrans0.ltrans.o
 .debug_line    0x0000068a      0xe1e C:\Users\modo\AppData\Local\Temp\ccEwDrtf.ltrans1.ltrans.o
 .debug_line    0x000014a8      0xabb C:\Users\modo\AppData\Local\Temp\ccEwDrtf.ltrans2.ltrans.o
 .debug_line    0x00001f63      0xaf1 C:\Users\modo\AppData\Local\Temp\ccEwDrtf.ltrans3.ltrans.o
 .debug_line    0x00002a54     0x1698 C:\Users\modo\AppData\Local\Temp\ccEwDrtf.ltrans4.ltrans.o
 .debug_line    0x000040ec       0xb6 d:/prg/prj/github/nucleo-f303re-GPS-logger/mc_sw/obj/chcoreasm_v7m.o
 .debug_line    0x000041a2      0x102 d:/prg/prj/github/nucleo-f303re-GPS-logger/mc_sw/obj/crt0_v7m.o

.debug_str      0x00000000     0x2b9f
 .debug_str     0x00000000      0x677 C:\Users\modo\AppData\Local\Temp\ccEwDrtf.ltrans0.ltrans.o
                                0x6b4 (size before relaxing)
 .debug_str     0x00000677      0x824 C:\Users\modo\AppData\Local\Temp\ccEwDrtf.ltrans1.ltrans.o
                                0xd22 (size before relaxing)
 .debug_str     0x00000e9b      0x51d C:\Users\modo\AppData\Local\Temp\ccEwDrtf.ltrans2.ltrans.o
                                0xada (size before relaxing)
 .debug_str     0x000013b8      0xa99 C:\Users\modo\AppData\Local\Temp\ccEwDrtf.ltrans3.ltrans.o
                               0x100b (size before relaxing)
 .debug_str     0x00001e51      0xd4e C:\Users\modo\AppData\Local\Temp\ccEwDrtf.ltrans4.ltrans.o
                               0x1689 (size before relaxing)

.comment        0x00000000       0x6e
 .comment       0x00000000       0x6e C:\Users\modo\AppData\Local\Temp\ccEwDrtf.ltrans0.ltrans.o
                                 0x6f (size before relaxing)
 .comment       0x0000006e       0x6f C:\Users\modo\AppData\Local\Temp\ccEwDrtf.ltrans1.ltrans.o
 .comment       0x0000006e       0x6f C:\Users\modo\AppData\Local\Temp\ccEwDrtf.ltrans2.ltrans.o
 .comment       0x0000006e       0x6f C:\Users\modo\AppData\Local\Temp\ccEwDrtf.ltrans3.ltrans.o
 .comment       0x0000006e       0x6f C:\Users\modo\AppData\Local\Temp\ccEwDrtf.ltrans4.ltrans.o

.ARM.attributes
                0x00000000       0x37
 .ARM.attributes
                0x00000000       0x37 C:\Users\modo\AppData\Local\Temp\ccEwDrtf.ltrans0.ltrans.o
 .ARM.attributes
                0x00000037       0x37 C:\Users\modo\AppData\Local\Temp\ccEwDrtf.ltrans1.ltrans.o
 .ARM.attributes
                0x0000006e       0x37 C:\Users\modo\AppData\Local\Temp\ccEwDrtf.ltrans2.ltrans.o
 .ARM.attributes
                0x000000a5       0x37 C:\Users\modo\AppData\Local\Temp\ccEwDrtf.ltrans3.ltrans.o
 .ARM.attributes
                0x000000dc       0x37 C:\Users\modo\AppData\Local\Temp\ccEwDrtf.ltrans4.ltrans.o
 .ARM.attributes
                0x00000113       0x25 d:/prg/prj/github/nucleo-f303re-GPS-logger/mc_sw/obj/chcoreasm_v7m.o
 .ARM.attributes
                0x00000138       0x25 d:/prg/prj/github/nucleo-f303re-GPS-logger/mc_sw/obj/crt0_v7m.o
 .ARM.attributes
                0x0000015d       0x34 d:/prg/apps/gcc-arm-20160330/bin/../lib/gcc/arm-none-eabi/5.3.1/../../../../arm-none-eabi/lib/armv7e-m/fpu\libg_nano.a(lib_a-memcpy-stub.o)
 .ARM.attributes
                0x00000191       0x34 d:/prg/apps/gcc-arm-20160330/bin/../lib/gcc/arm-none-eabi/5.3.1/../../../../arm-none-eabi/lib/armv7e-m/fpu\libg_nano.a(lib_a-memset.o)

.debug_frame    0x00000000     0x29a4
 .debug_frame   0x00000000      0x390 C:\Users\modo\AppData\Local\Temp\ccEwDrtf.ltrans0.ltrans.o
 .debug_frame   0x00000390      0x7d4 C:\Users\modo\AppData\Local\Temp\ccEwDrtf.ltrans1.ltrans.o
 .debug_frame   0x00000b64      0x730 C:\Users\modo\AppData\Local\Temp\ccEwDrtf.ltrans2.ltrans.o
 .debug_frame   0x00001294      0x7fc C:\Users\modo\AppData\Local\Temp\ccEwDrtf.ltrans3.ltrans.o
 .debug_frame   0x00001a90      0xecc C:\Users\modo\AppData\Local\Temp\ccEwDrtf.ltrans4.ltrans.o
 .debug_frame   0x0000295c       0x28 d:/prg/apps/gcc-arm-20160330/bin/../lib/gcc/arm-none-eabi/5.3.1/../../../../arm-none-eabi/lib/armv7e-m/fpu\libg_nano.a(lib_a-memcpy-stub.o)
 .debug_frame   0x00002984       0x20 d:/prg/apps/gcc-arm-20160330/bin/../lib/gcc/arm-none-eabi/5.3.1/../../../../arm-none-eabi/lib/armv7e-m/fpu\libg_nano.a(lib_a-memset.o)
